--------- beginning of main
12-13 19:49:43.220 D/KeyguardUpdateMonitor( 1945): received broadcast android.intent.action.BATTERY_CHANGED
12-13 19:49:43.221 D/QtiCarrierConfigHelper( 2084): WARNING, no carrier configs on phone Id: 0
12-13 19:49:43.222 D/HeadsetStateMachine( 1904): Disconnected process message: 10, size: 0
12-13 19:49:43.222 D/HeadsetStateMachine( 1904): Enter processIntentBatteryChanged()
12-13 19:49:43.222 D/HeadsetStateMachine( 1904): Exit processIntentBatteryChanged()
12-13 19:49:43.222 D/HeadsetStateMachine( 1904): Exit Disconnected processMessage() 
12-13 19:49:43.225 D/KeyguardUpdateMonitor( 1945): handleBatteryUpdate
12-13 19:49:43.385 D/KeyguardUpdateMonitor( 1945): received broadcast android.intent.action.BATTERY_CHANGED
12-13 19:49:43.387 D/QtiCarrierConfigHelper( 2084): WARNING, no carrier configs on phone Id: 0
12-13 19:49:43.388 D/HeadsetStateMachine( 1904): Disconnected process message: 10, size: 0
12-13 19:49:43.388 D/HeadsetStateMachine( 1904): Enter processIntentBatteryChanged()
12-13 19:49:43.389 D/HeadsetStateMachine( 1904): Exit processIntentBatteryChanged()
12-13 19:49:43.389 D/HeadsetStateMachine( 1904): Exit Disconnected processMessage() 
12-13 19:49:43.390 D/KeyguardUpdateMonitor( 1945): handleBatteryUpdate
12-13 19:49:44.680 D/KeyguardUpdateMonitor( 1945): received broadcast android.intent.action.BATTERY_CHANGED
12-13 19:49:44.681 D/HeadsetStateMachine( 1904): Disconnected process message: 10, size: 0
12-13 19:49:44.681 D/HeadsetStateMachine( 1904): Enter processIntentBatteryChanged()
12-13 19:49:44.681 D/HeadsetStateMachine( 1904): Exit processIntentBatteryChanged()
12-13 19:49:44.681 D/QtiCarrierConfigHelper( 2084): WARNING, no carrier configs on phone Id: 0
12-13 19:49:44.681 D/HeadsetStateMachine( 1904): Exit Disconnected processMessage() 
12-13 19:49:44.685 D/KeyguardUpdateMonitor( 1945): handleBatteryUpdate
12-13 19:49:44.847 D/KeyguardUpdateMonitor( 1945): received broadcast android.intent.action.BATTERY_CHANGED
12-13 19:49:44.851 D/HeadsetStateMachine( 1904): Disconnected process message: 10, size: 0
12-13 19:49:44.851 D/HeadsetStateMachine( 1904): Enter processIntentBatteryChanged()
12-13 19:49:44.851 D/HeadsetStateMachine( 1904): Exit processIntentBatteryChanged()
12-13 19:49:44.851 D/HeadsetStateMachine( 1904): Exit Disconnected processMessage() 
12-13 19:49:44.851 D/QtiCarrierConfigHelper( 2084): WARNING, no carrier configs on phone Id: 0
12-13 19:49:44.852 D/KeyguardUpdateMonitor( 1945): handleBatteryUpdate
12-13 19:49:45.249 I/DPMJ    ( 2052): |SERVICE| DPM_D_REQ_GET_RUNNING_APP_LIST
12-13 19:49:46.160 D/KeyguardUpdateMonitor( 1945): received broadcast android.intent.action.BATTERY_CHANGED
12-13 19:49:46.161 D/HeadsetStateMachine( 1904): Disconnected process message: 10, size: 0
12-13 19:49:46.161 D/HeadsetStateMachine( 1904): Enter processIntentBatteryChanged()
12-13 19:49:46.162 D/HeadsetStateMachine( 1904): Exit processIntentBatteryChanged()
12-13 19:49:46.162 D/HeadsetStateMachine( 1904): Exit Disconnected processMessage() 
12-13 19:49:46.162 D/QtiCarrierConfigHelper( 2084): WARNING, no carrier configs on phone Id: 0
12-13 19:49:46.165 D/KeyguardUpdateMonitor( 1945): handleBatteryUpdate
12-13 19:49:46.320 D/QtiCarrierConfigHelper( 2084): WARNING, no carrier configs on phone Id: 0
12-13 19:49:46.320 D/HeadsetStateMachine( 1904): Disconnected process message: 10, size: 0
12-13 19:49:46.320 D/HeadsetStateMachine( 1904): Enter processIntentBatteryChanged()
12-13 19:49:46.320 D/KeyguardUpdateMonitor( 1945): received broadcast android.intent.action.BATTERY_CHANGED
12-13 19:49:46.320 D/HeadsetStateMachine( 1904): Exit processIntentBatteryChanged()
12-13 19:49:46.320 D/HeadsetStateMachine( 1904): Exit Disconnected processMessage() 
12-13 19:49:46.325 D/KeyguardUpdateMonitor( 1945): handleBatteryUpdate
12-13 19:49:47.616 D/HeadsetStateMachine( 1904): Disconnected process message: 10, size: 0
12-13 19:49:47.616 D/HeadsetStateMachine( 1904): Enter processIntentBatteryChanged()
12-13 19:49:47.616 D/KeyguardUpdateMonitor( 1945): received broadcast android.intent.action.BATTERY_CHANGED
12-13 19:49:47.616 D/QtiCarrierConfigHelper( 2084): WARNING, no carrier configs on phone Id: 0
12-13 19:49:47.616 D/HeadsetStateMachine( 1904): Exit processIntentBatteryChanged()
12-13 19:49:47.616 D/HeadsetStateMachine( 1904): Exit Disconnected processMessage() 
12-13 19:49:47.621 D/KeyguardUpdateMonitor( 1945): handleBatteryUpdate
12-13 19:49:47.780 D/QtiCarrierConfigHelper( 2084): WARNING, no carrier configs on phone Id: 0
12-13 19:49:47.780 D/KeyguardUpdateMonitor( 1945): received broadcast android.intent.action.BATTERY_CHANGED
12-13 19:49:47.783 D/HeadsetStateMachine( 1904): Disconnected process message: 10, size: 0
12-13 19:49:47.783 D/HeadsetStateMachine( 1904): Enter processIntentBatteryChanged()
12-13 19:49:47.784 D/HeadsetStateMachine( 1904): Exit processIntentBatteryChanged()
12-13 19:49:47.784 D/HeadsetStateMachine( 1904): Exit Disconnected processMessage() 
12-13 19:49:47.786 D/KeyguardUpdateMonitor( 1945): handleBatteryUpdate
12-13 19:49:49.082 D/KeyguardUpdateMonitor( 1945): received broadcast android.intent.action.BATTERY_CHANGED
12-13 19:49:49.083 D/HeadsetStateMachine( 1904): Disconnected process message: 10, size: 0
12-13 19:49:49.083 D/HeadsetStateMachine( 1904): Enter processIntentBatteryChanged()
12-13 19:49:49.084 D/HeadsetStateMachine( 1904): Exit processIntentBatteryChanged()
12-13 19:49:49.084 D/HeadsetStateMachine( 1904): Exit Disconnected processMessage() 
12-13 19:49:49.086 D/QtiCarrierConfigHelper( 2084): WARNING, no carrier configs on phone Id: 0
12-13 19:49:49.088 D/KeyguardUpdateMonitor( 1945): handleBatteryUpdate
12-13 19:49:49.261 D/KeyguardUpdateMonitor( 1945): received broadcast android.intent.action.BATTERY_CHANGED
12-13 19:49:49.262 D/HeadsetStateMachine( 1904): Disconnected process message: 10, size: 0
12-13 19:49:49.262 D/HeadsetStateMachine( 1904): Enter processIntentBatteryChanged()
12-13 19:49:49.262 D/HeadsetStateMachine( 1904): Exit processIntentBatteryChanged()
12-13 19:49:49.262 D/HeadsetStateMachine( 1904): Exit Disconnected processMessage() 
12-13 19:49:49.262 D/QtiCarrierConfigHelper( 2084): WARNING, no carrier configs on phone Id: 0
12-13 19:49:49.266 D/KeyguardUpdateMonitor( 1945): handleBatteryUpdate
12-13 19:49:50.553 D/HeadsetStateMachine( 1904): Disconnected process message: 10, size: 0
12-13 19:49:50.553 D/HeadsetStateMachine( 1904): Enter processIntentBatteryChanged()
12-13 19:49:50.553 D/HeadsetStateMachine( 1904): Exit processIntentBatteryChanged()
12-13 19:49:50.553 D/HeadsetStateMachine( 1904): Exit Disconnected processMessage() 
12-13 19:49:50.553 D/QtiCarrierConfigHelper( 2084): WARNING, no carrier configs on phone Id: 0
12-13 19:49:50.553 D/KeyguardUpdateMonitor( 1945): received broadcast android.intent.action.BATTERY_CHANGED
12-13 19:49:50.558 D/KeyguardUpdateMonitor( 1945): handleBatteryUpdate
12-13 19:49:50.717 D/KeyguardUpdateMonitor( 1945): received broadcast android.intent.action.BATTERY_CHANGED
12-13 19:49:50.721 D/HeadsetStateMachine( 1904): Disconnected process message: 10, size: 0
12-13 19:49:50.721 D/HeadsetStateMachine( 1904): Enter processIntentBatteryChanged()
12-13 19:49:50.721 D/QtiCarrierConfigHelper( 2084): WARNING, no carrier configs on phone Id: 0
12-13 19:49:50.721 D/HeadsetStateMachine( 1904): Exit processIntentBatteryChanged()
12-13 19:49:50.721 D/HeadsetStateMachine( 1904): Exit Disconnected processMessage() 
12-13 19:49:50.723 D/KeyguardUpdateMonitor( 1945): handleBatteryUpdate
12-13 19:49:51.582 I/sensors-hal(  662): batch:161, android.sensor.accelerometer/23, period=200000000, max_latency=0
12-13 19:49:51.582 I/sensors-hal(  662): batch:170, android.sensor.accelerometer/23, period=200000000, max_latency=0 request completed
12-13 19:49:51.584 I/sensors-hal(  662): activate:128, android.sensor.accelerometer/23 en=1
12-13 19:49:51.589 I/sensors-hal(  662): activate:139, android.sensor.accelerometer/23 en=1 completed
12-13 19:49:51.590 I/sensors-hal(  662): batch:161, android.sensor.gyroscope/8, period=200000000, max_latency=0
12-13 19:49:51.590 I/sensors-hal(  662): batch:170, android.sensor.gyroscope/8, period=200000000, max_latency=0 request completed
12-13 19:49:51.590 I/sensors-hal(  662): activate:128, android.sensor.gyroscope/8 en=1
12-13 19:49:51.594 I/sensors-hal(  662): activate:139, android.sensor.gyroscope/8 en=1 completed
--------- beginning of system
12-13 19:49:51.620 W/ActivityManager( 1554): Unable to start service Intent { act=com.google.android.gms.ads.identifier.service.START pkg=com.google.android.gms } U=0: not found
12-13 19:49:51.621 E/ActivityThread( 4052): Failed to find provider info for com.facebook.katana.provider.AttributionIdProvider
12-13 19:49:51.629 W/System.err( 4052): java.net.UnknownHostException: Unable to resolve host "www.facebook.com": No address associated with hostname
12-13 19:49:51.630 W/System.err( 4052): 	at java.net.Inet6AddressImpl.lookupHostByName(Inet6AddressImpl.java:141)
12-13 19:49:51.630 W/System.err( 4052): 	at java.net.Inet6AddressImpl.lookupAllHostAddr(Inet6AddressImpl.java:90)
12-13 19:49:51.630 W/System.err( 4052): 	at java.net.InetAddress.getAllByName(InetAddress.java:787)
12-13 19:49:51.630 W/System.err( 4052): 	at com.android.okhttp.Dns$1.lookup(Dns.java:39)
12-13 19:49:51.630 W/System.err( 4052): 	at com.android.okhttp.internal.http.RouteSelector.resetNextInetSocketAddress(RouteSelector.java:175)
12-13 19:49:51.630 W/System.err( 4052): 	at com.android.okhttp.internal.http.RouteSelector.nextProxy(RouteSelector.java:141)
12-13 19:49:51.630 W/System.err( 4052): 	at com.android.okhttp.internal.http.RouteSelector.next(RouteSelector.java:83)
12-13 19:49:51.630 W/System.err( 4052): 	at com.android.okhttp.internal.http.StreamAllocation.findConnection(StreamAllocation.java:174)
12-13 19:49:51.630 W/System.err( 4052): 	at com.android.okhttp.internal.http.StreamAllocation.findHealthyConnection(StreamAllocation.java:126)
12-13 19:49:51.630 W/System.err( 4052): 	at com.android.okhttp.internal.http.StreamAllocation.newStream(StreamAllocation.java:95)
12-13 19:49:51.630 W/System.err( 4052): 	at com.android.okhttp.internal.http.HttpEngine.connect(HttpEngine.java:281)
12-13 19:49:51.630 W/System.err( 4052): 	at com.android.okhttp.internal.http.HttpEngine.sendRequest(HttpEngine.java:224)
12-13 19:49:51.630 W/System.err( 4052): 	at com.android.okhttp.internal.huc.HttpURLConnectionImpl.execute(HttpURLConnectionImpl.java:461)
12-13 19:49:51.630 W/System.err( 4052): 	at com.android.okhttp.internal.huc.HttpURLConnectionImpl.connect(HttpURLConnectionImpl.java:127)
12-13 19:49:51.630 W/System.err( 4052): 	at com.android.okhttp.internal.huc.DelegatingHttpsURLConnection.connect(DelegatingHttpsURLConnection.java:89)
12-13 19:49:51.630 W/System.err( 4052): 	at com.android.okhttp.internal.huc.HttpsURLConnectionImpl.connect(Unknown Source:0)
12-13 19:49:51.630 W/System.err( 4052): 	at com.facebook.ads.redexgen.X.3v.A01(:5340)
12-13 19:49:51.630 W/System.err( 4052): 	at com.facebook.ads.redexgen.X.3v.A0I(:5515)
12-13 19:49:51.630 W/System.err( 4052): 	at com.facebook.ads.redexgen.X.4p.A00(:6923)
12-13 19:49:51.630 W/System.err( 4052): 	at com.facebook.ads.redexgen.X.4p.doInBackground(:6942)
12-13 19:49:51.630 W/System.err( 4052): 	at android.os.AsyncTask$2.call(AsyncTask.java:333)
12-13 19:49:51.630 W/System.err( 4052): 	at java.util.concurrent.FutureTask.run(FutureTask.java:266)
12-13 19:49:51.630 W/System.err( 4052): 	at java.util.concurrent.ThreadPoolExecutor.runWorker(ThreadPoolExecutor.java:1162)
12-13 19:49:51.630 W/System.err( 4052): 	at java.util.concurrent.ThreadPoolExecutor$Worker.run(ThreadPoolExecutor.java:636)
12-13 19:49:51.630 W/System.err( 4052): 	at java.lang.Thread.run(Thread.java:764)
12-13 19:49:51.630 W/System.err( 4052): Caused by: android.system.GaiException: android_getaddrinfo failed: EAI_NODATA (No address associated with hostname)
12-13 19:49:51.630 W/System.err( 4052): 	at libcore.io.Linux.android_getaddrinfo(Native Method)
12-13 19:49:51.630 W/System.err( 4052): 	at libcore.io.ForwardingOs.android_getaddrinfo(ForwardingOs.java:59)
12-13 19:49:51.630 W/System.err( 4052): 	at java.net.Inet6AddressImpl.lookupHostByName(Inet6AddressImpl.java:122)
12-13 19:49:51.630 W/System.err( 4052): 	... 24 more
12-13 19:49:52.028 D/KeyguardUpdateMonitor( 1945): received broadcast android.intent.action.BATTERY_CHANGED
12-13 19:49:52.032 D/QtiCarrierConfigHelper( 2084): WARNING, no carrier configs on phone Id: 0
12-13 19:49:52.032 D/HeadsetStateMachine( 1904): Disconnected process message: 10, size: 0
12-13 19:49:52.032 D/HeadsetStateMachine( 1904): Enter processIntentBatteryChanged()
12-13 19:49:52.032 D/HeadsetStateMachine( 1904): Exit processIntentBatteryChanged()
12-13 19:49:52.032 D/HeadsetStateMachine( 1904): Exit Disconnected processMessage() 
12-13 19:49:52.033 D/KeyguardUpdateMonitor( 1945): handleBatteryUpdate
12-13 19:49:52.059 I/sensors-hal(  662): activate:128, android.sensor.gyroscope/8 en=0
12-13 19:49:52.061 I/sensors-hal(  662): activate:139, android.sensor.gyroscope/8 en=0 completed
12-13 19:49:52.200 D/KeyguardUpdateMonitor( 1945): received broadcast android.intent.action.BATTERY_CHANGED
12-13 19:49:52.201 D/KeyguardUpdateMonitor( 1945): handleBatteryUpdate
12-13 19:49:52.201 D/QtiCarrierConfigHelper( 2084): WARNING, no carrier configs on phone Id: 0
12-13 19:49:52.202 D/HeadsetStateMachine( 1904): Disconnected process message: 10, size: 0
12-13 19:49:52.202 D/HeadsetStateMachine( 1904): Enter processIntentBatteryChanged()
12-13 19:49:52.202 D/HeadsetStateMachine( 1904): Exit processIntentBatteryChanged()
12-13 19:49:52.202 D/HeadsetStateMachine( 1904): Exit Disconnected processMessage() 
12-13 19:49:52.230 I/sensors-hal(  662): activate:128, android.sensor.accelerometer/23 en=0
12-13 19:49:52.232 I/sensors-hal(  662): activate:139, android.sensor.accelerometer/23 en=0 completed
12-13 19:49:53.487 D/HeadsetStateMachine( 1904): Disconnected process message: 10, size: 0
12-13 19:49:53.487 D/HeadsetStateMachine( 1904): Enter processIntentBatteryChanged()
12-13 19:49:53.487 D/QtiCarrierConfigHelper( 2084): WARNING, no carrier configs on phone Id: 0
12-13 19:49:53.487 D/HeadsetStateMachine( 1904): Exit processIntentBatteryChanged()
12-13 19:49:53.487 D/HeadsetStateMachine( 1904): Exit Disconnected processMessage() 
12-13 19:49:53.487 D/KeyguardUpdateMonitor( 1945): received broadcast android.intent.action.BATTERY_CHANGED
12-13 19:49:53.488 D/KeyguardUpdateMonitor( 1945): handleBatteryUpdate
12-13 19:49:53.650 D/KeyguardUpdateMonitor( 1945): received broadcast android.intent.action.BATTERY_CHANGED
12-13 19:49:53.651 D/QtiCarrierConfigHelper( 2084): WARNING, no carrier configs on phone Id: 0
12-13 19:49:53.651 D/HeadsetStateMachine( 1904): Disconnected process message: 10, size: 0
12-13 19:49:53.651 D/HeadsetStateMachine( 1904): Enter processIntentBatteryChanged()
12-13 19:49:53.652 D/HeadsetStateMachine( 1904): Exit processIntentBatteryChanged()
12-13 19:49:53.652 D/HeadsetStateMachine( 1904): Exit Disconnected processMessage() 
12-13 19:49:53.654 D/KeyguardUpdateMonitor( 1945): handleBatteryUpdate
12-13 19:49:54.956 D/QtiCarrierConfigHelper( 2084): WARNING, no carrier configs on phone Id: 0
12-13 19:49:54.956 D/HeadsetStateMachine( 1904): Disconnected process message: 10, size: 0
12-13 19:49:54.956 D/HeadsetStateMachine( 1904): Enter processIntentBatteryChanged()
12-13 19:49:54.956 D/HeadsetStateMachine( 1904): Exit processIntentBatteryChanged()
12-13 19:49:54.956 D/HeadsetStateMachine( 1904): Exit Disconnected processMessage() 
12-13 19:49:54.956 D/KeyguardUpdateMonitor( 1945): received broadcast android.intent.action.BATTERY_CHANGED
12-13 19:49:54.961 D/KeyguardUpdateMonitor( 1945): handleBatteryUpdate
12-13 19:49:55.122 D/KeyguardUpdateMonitor( 1945): received broadcast android.intent.action.BATTERY_CHANGED
12-13 19:49:55.123 D/QtiCarrierConfigHelper( 2084): WARNING, no carrier configs on phone Id: 0
12-13 19:49:55.123 D/HeadsetStateMachine( 1904): Disconnected process message: 10, size: 0
12-13 19:49:55.123 D/HeadsetStateMachine( 1904): Enter processIntentBatteryChanged()
12-13 19:49:55.123 D/HeadsetStateMachine( 1904): Exit processIntentBatteryChanged()
12-13 19:49:55.124 D/HeadsetStateMachine( 1904): Exit Disconnected processMessage() 
12-13 19:49:55.127 D/KeyguardUpdateMonitor( 1945): handleBatteryUpdate
12-13 19:49:56.423 D/KeyguardUpdateMonitor( 1945): received broadcast android.intent.action.BATTERY_CHANGED
12-13 19:49:56.425 D/QtiCarrierConfigHelper( 2084): WARNING, no carrier configs on phone Id: 0
12-13 19:49:56.427 D/HeadsetStateMachine( 1904): Disconnected process message: 10, size: 0
12-13 19:49:56.427 D/HeadsetStateMachine( 1904): Enter processIntentBatteryChanged()
12-13 19:49:56.427 D/HeadsetStateMachine( 1904): Exit processIntentBatteryChanged()
12-13 19:49:56.427 D/HeadsetStateMachine( 1904): Exit Disconnected processMessage() 
12-13 19:49:56.429 D/KeyguardUpdateMonitor( 1945): handleBatteryUpdate
12-13 19:49:56.586 D/KeyguardUpdateMonitor( 1945): received broadcast android.intent.action.BATTERY_CHANGED
12-13 19:49:56.587 D/QtiCarrierConfigHelper( 2084): WARNING, no carrier configs on phone Id: 0
12-13 19:49:56.589 D/HeadsetStateMachine( 1904): Disconnected process message: 10, size: 0
12-13 19:49:56.589 D/HeadsetStateMachine( 1904): Enter processIntentBatteryChanged()
12-13 19:49:56.589 D/HeadsetStateMachine( 1904): Exit processIntentBatteryChanged()
12-13 19:49:56.589 D/HeadsetStateMachine( 1904): Exit Disconnected processMessage() 
12-13 19:49:56.591 D/KeyguardUpdateMonitor( 1945): handleBatteryUpdate
12-13 19:49:57.889 D/KeyguardUpdateMonitor( 1945): received broadcast android.intent.action.BATTERY_CHANGED
12-13 19:49:57.890 D/QtiCarrierConfigHelper( 2084): WARNING, no carrier configs on phone Id: 0
12-13 19:49:57.892 D/HeadsetStateMachine( 1904): Disconnected process message: 10, size: 0
12-13 19:49:57.892 D/HeadsetStateMachine( 1904): Enter processIntentBatteryChanged()
12-13 19:49:57.892 D/HeadsetStateMachine( 1904): Exit processIntentBatteryChanged()
12-13 19:49:57.892 D/HeadsetStateMachine( 1904): Exit Disconnected processMessage() 
12-13 19:49:57.893 D/KeyguardUpdateMonitor( 1945): handleBatteryUpdate
12-13 19:49:58.057 D/KeyguardUpdateMonitor( 1945): received broadcast android.intent.action.BATTERY_CHANGED
12-13 19:49:58.058 D/KeyguardUpdateMonitor( 1945): handleBatteryUpdate
12-13 19:49:58.060 D/QtiCarrierConfigHelper( 2084): WARNING, no carrier configs on phone Id: 0
12-13 19:49:58.061 D/HeadsetStateMachine( 1904): Disconnected process message: 10, size: 0
12-13 19:49:58.061 D/HeadsetStateMachine( 1904): Enter processIntentBatteryChanged()
12-13 19:49:58.061 D/HeadsetStateMachine( 1904): Exit processIntentBatteryChanged()
12-13 19:49:58.061 D/HeadsetStateMachine( 1904): Exit Disconnected processMessage() 
12-13 19:49:58.157 I/zygote64( 1554): Background concurrent copying GC freed 80283(4MB) AllocSpace objects, 18(536KB) LOS objects, 42% free, 7MB/13MB, paused 597us total 101.516ms
12-13 19:49:59.358 D/KeyguardUpdateMonitor( 1945): received broadcast android.intent.action.BATTERY_CHANGED
12-13 19:49:59.359 D/QtiCarrierConfigHelper( 2084): WARNING, no carrier configs on phone Id: 0
12-13 19:49:59.360 D/HeadsetStateMachine( 1904): Disconnected process message: 10, size: 0
12-13 19:49:59.360 D/HeadsetStateMachine( 1904): Enter processIntentBatteryChanged()
12-13 19:49:59.360 D/HeadsetStateMachine( 1904): Exit processIntentBatteryChanged()
12-13 19:49:59.360 D/HeadsetStateMachine( 1904): Exit Disconnected processMessage() 
12-13 19:49:59.363 D/KeyguardUpdateMonitor( 1945): handleBatteryUpdate
12-13 19:49:59.539 D/KeyguardUpdateMonitor( 1945): received broadcast android.intent.action.BATTERY_CHANGED
12-13 19:49:59.540 D/HeadsetStateMachine( 1904): Disconnected process message: 10, size: 0
12-13 19:49:59.540 D/HeadsetStateMachine( 1904): Enter processIntentBatteryChanged()
12-13 19:49:59.540 D/HeadsetStateMachine( 1904): Exit processIntentBatteryChanged()
12-13 19:49:59.540 D/HeadsetStateMachine( 1904): Exit Disconnected processMessage() 
12-13 19:49:59.544 D/QtiCarrierConfigHelper( 2084): WARNING, no carrier configs on phone Id: 0
12-13 19:49:59.544 D/KeyguardUpdateMonitor( 1945): handleBatteryUpdate
12-13 19:50:00.840 D/KeyguardUpdateMonitor( 1945): received broadcast android.intent.action.BATTERY_CHANGED
12-13 19:50:00.841 D/HeadsetStateMachine( 1904): Disconnected process message: 10, size: 0
12-13 19:50:00.841 D/HeadsetStateMachine( 1904): Enter processIntentBatteryChanged()
12-13 19:50:00.841 D/HeadsetStateMachine( 1904): Exit processIntentBatteryChanged()
12-13 19:50:00.841 D/HeadsetStateMachine( 1904): Exit Disconnected processMessage() 
12-13 19:50:00.841 D/QtiCarrierConfigHelper( 2084): WARNING, no carrier configs on phone Id: 0
12-13 19:50:00.844 D/KeyguardUpdateMonitor( 1945): handleBatteryUpdate
12-13 19:50:00.992 D/KeyguardUpdateMonitor( 1945): received broadcast android.intent.action.BATTERY_CHANGED
12-13 19:50:00.997 D/KeyguardUpdateMonitor( 1945): handleBatteryUpdate
12-13 19:50:00.998 D/HeadsetStateMachine( 1904): Disconnected process message: 10, size: 0
12-13 19:50:00.998 D/HeadsetStateMachine( 1904): Enter processIntentBatteryChanged()
12-13 19:50:00.998 D/HeadsetStateMachine( 1904): Exit processIntentBatteryChanged()
12-13 19:50:00.998 D/HeadsetStateMachine( 1904): Exit Disconnected processMessage() 
12-13 19:50:00.998 D/QtiCarrierConfigHelper( 2084): WARNING, no carrier configs on phone Id: 0
12-13 19:50:02.287 D/KeyguardUpdateMonitor( 1945): received broadcast android.intent.action.BATTERY_CHANGED
12-13 19:50:02.288 D/KeyguardUpdateMonitor( 1945): handleBatteryUpdate
12-13 19:50:02.288 D/QtiCarrierConfigHelper( 2084): WARNING, no carrier configs on phone Id: 0
12-13 19:50:02.288 D/HeadsetStateMachine( 1904): Disconnected process message: 10, size: 0
12-13 19:50:02.288 D/HeadsetStateMachine( 1904): Enter processIntentBatteryChanged()
12-13 19:50:02.289 D/HeadsetStateMachine( 1904): Exit processIntentBatteryChanged()
12-13 19:50:02.289 D/HeadsetStateMachine( 1904): Exit Disconnected processMessage() 
12-13 19:50:02.394 W/ADebug  ( 4463): Failed to get property persist.sys.media.traces
12-13 19:50:02.419 D/AndroidRuntime( 4463): >>>>>> START com.android.internal.os.RuntimeInit uid 0 <<<<<<
12-13 19:50:02.460 D/QtiCarrierConfigHelper( 2084): WARNING, no carrier configs on phone Id: 0
12-13 19:50:02.461 D/KeyguardUpdateMonitor( 1945): received broadcast android.intent.action.BATTERY_CHANGED
12-13 19:50:02.461 D/HeadsetStateMachine( 1904): Disconnected process message: 10, size: 0
12-13 19:50:02.461 D/HeadsetStateMachine( 1904): Enter processIntentBatteryChanged()
12-13 19:50:02.461 D/HeadsetStateMachine( 1904): Exit processIntentBatteryChanged()
12-13 19:50:02.461 D/HeadsetStateMachine( 1904): Exit Disconnected processMessage() 
12-13 19:50:02.464 D/KeyguardUpdateMonitor( 1945): handleBatteryUpdate
12-13 19:50:02.526 I/app_process( 4463): The ClassLoaderContext is a special shared library.
12-13 19:50:02.572 D/AndroidRuntime( 4463): Calling main entry com.android.commands.pm.Pm
12-13 19:50:02.577 I/app_process( 4463): System.exit called, status: 0
12-13 19:50:02.577 I/AndroidRuntime( 4463): VM exiting with result code 0.
12-13 19:50:02.871 W/ADebug  ( 4480): Failed to get property persist.sys.media.traces
12-13 19:50:02.900 D/AndroidRuntime( 4480): >>>>>> START com.android.internal.os.RuntimeInit uid 0 <<<<<<
12-13 19:50:03.035 W//system/bin/app_process32( 4480): Using default instruction set features for ARM CPU variant (cortex-a9) using conservative defaults
12-13 19:50:03.039 I//system/bin/app_process32( 4480): The ClassLoaderContext is a special shared library.
12-13 19:50:03.081 D/AndroidRuntime( 4480): Calling main entry com.koushikdutta.vysor.ProtocolVersionMain
12-13 19:50:03.085 D/AndroidRuntime( 4480): Shutting down VM
12-13 19:50:03.093 W//system/bin/app_process32( 4480): Thread attaching while runtime is shutting down: Binder:4480_2
12-13 19:50:03.093 I/AndroidRuntime( 4480): NOTE: attach of thread 'Binder:4480_2' failed
12-13 19:50:03.235 E/adbd    ( 4256): failed to connect to socket 'tcp:53518': Connection refused
12-13 19:50:03.394 W/ADebug  ( 4498): Failed to get property persist.sys.media.traces
12-13 19:50:03.423 D/AndroidRuntime( 4498): >>>>>> START com.android.internal.os.RuntimeInit uid 0 <<<<<<
12-13 19:50:03.558 W//system/bin/app_process32( 4498): Using default instruction set features for ARM CPU variant (cortex-a9) using conservative defaults
12-13 19:50:03.561 I//system/bin/app_process32( 4498): The ClassLoaderContext is a special shared library.
12-13 19:50:03.602 D/AndroidRuntime( 4498): Calling main entry com.koushikdutta.vysor.Main
12-13 19:50:03.612 I/VysorMain( 4498): Received command line password: 2c5746f
12-13 19:50:03.624 I/VysorMain( 4498): Found IME hooks.
12-13 19:50:03.627 I/VysorMain( 4498): Server starting
12-13 19:50:03.640 I/VysorMain( 4498): Waiting for exit
12-13 19:50:03.762 D/KeyguardUpdateMonitor( 1945): received broadcast android.intent.action.BATTERY_CHANGED
12-13 19:50:03.763 D/HeadsetStateMachine( 1904): Disconnected process message: 10, size: 0
12-13 19:50:03.764 D/HeadsetStateMachine( 1904): Enter processIntentBatteryChanged()
12-13 19:50:03.764 D/HeadsetStateMachine( 1904): Exit processIntentBatteryChanged()
12-13 19:50:03.764 D/HeadsetStateMachine( 1904): Exit Disconnected processMessage() 
12-13 19:50:03.764 D/QtiCarrierConfigHelper( 2084): WARNING, no carrier configs on phone Id: 0
12-13 19:50:03.765 D/KeyguardUpdateMonitor( 1945): handleBatteryUpdate
12-13 19:50:03.791 I/VysorMain( 4498): WebSocket authenticated: true
12-13 19:50:03.791 I/VysorMain( 4498): Using existing size and density
12-13 19:50:03.795 I/PowerManagerService( 1554): Waking up from dozing (uid=1000 reason=android.policy:POWER)...
12-13 19:50:03.798 D/KeyguardViewMediator( 1945): onStartedWakingUp, seq = 8
12-13 19:50:03.798 D/KeyguardViewMediator( 1945): notifyStartedWakingUp
12-13 19:50:03.798 D/KeyguardViewMediator( 1945): handleNotifyWakingUp
12-13 19:50:03.801 I/DisplayPowerController( 1554): Blocking screen on until initial contents have been drawn.
12-13 19:50:03.801 V/KeyguardUpdateMonitor( 1945): startListeningForFingerprint()
12-13 19:50:03.802 V/KeyguardStatusView( 1945): Schedule setEnableMarquee: Enable
12-13 19:50:03.802 I/QTI PowerHAL(  661): Got set_interactive hint on= 1, count= 10
12-13 19:50:03.802 D/KeyguardViewMediator( 1945): notifyScreenOn
12-13 19:50:03.804 I/DisplayManagerService( 1554): Display device changed state: "Built-in Screen", ON
12-13 19:50:03.804 D/SurfaceFlinger(  694): Set power mode=2, type=0 flinger=0x71b385f000
12-13 19:50:03.805 I/SDM     (  657): DisplayBase::SetDisplayState: Set state = 1, display 0
12-13 19:50:03.805 W/ADebug  ( 4512): Failed to get property persist.sys.media.traces
12-13 19:50:03.808 D/audio_hw_primary(  649): adev_set_parameters: enter: screen_state=on
12-13 19:50:03.808 D/audio_hw_extn(  649): audio_extn_set_anc_parameters: anc_enabled:0
12-13 19:50:03.808 D/audio_hw_spkr_prot(  649): audio_extn_fbsp_set_parameters: Speaker protection disabled
12-13 19:50:03.812 I/InputReader( 1554): Reconfiguring input devices.  changes=0x00000004
12-13 19:50:03.814 I/QCNEJ/CndHalConnector( 2052): -> SND notifyScreenStateChanged(true)
12-13 19:50:03.815 I/QCNEJ/CndHalConnector( 2052): -> SND notifyScreenStateChanged(false)
12-13 19:50:03.818 D/AndroidRuntime( 4512): >>>>>> START com.android.internal.os.RuntimeInit uid 0 <<<<<<
12-13 19:50:03.821 D/StatusBar( 1945): disable<e i a s b H R c s q >
12-13 19:50:03.821 D/StatusBar( 1945): disable<e i a s b H R c s q >
12-13 19:50:03.822 D/KeyguardViewMediator( 1945): handleNotifyScreenTurningOn
12-13 19:50:03.825 I/sensors-hal(  662): batch:161, android.sensor.proximity/26, period=20000000, max_latency=0
12-13 19:50:03.825 I/sensors-hal(  662): batch:170, android.sensor.proximity/26, period=20000000, max_latency=0 request completed
12-13 19:50:03.825 I/sensors-hal(  662): activate:128, android.sensor.proximity/26 en=1
12-13 19:50:03.828 I/sensors-hal(  662): activate:139, android.sensor.proximity/26 en=1 completed
12-13 19:50:03.851 V/BtOppService( 1904): action : android.intent.action.SCREEN_ON
12-13 19:50:03.856 D/KeyguardUpdateMonitor( 1945): received broadcast android.intent.action.TIME_TICK
12-13 19:50:03.856 D/KeyguardUpdateMonitor( 1945): handleTimeUpdate
12-13 19:50:03.874 I/app_process( 4512): The ClassLoaderContext is a special shared library.
12-13 19:50:03.898 D/AndroidRuntime( 4512): Calling main entry com.android.commands.ime.Ime
12-13 19:50:03.900 D/AndroidRuntime( 4512): Shutting down VM
12-13 19:50:03.923 D/HeadsetStateMachine( 1904): Disconnected process message: 10, size: 0
12-13 19:50:03.923 D/HeadsetStateMachine( 1904): Enter processIntentBatteryChanged()
12-13 19:50:03.923 D/HeadsetStateMachine( 1904): Exit processIntentBatteryChanged()
12-13 19:50:03.923 D/HeadsetStateMachine( 1904): Exit Disconnected processMessage() 
12-13 19:50:03.923 D/QtiCarrierConfigHelper( 2084): WARNING, no carrier configs on phone Id: 0
12-13 19:50:03.929 D/CompatibilityInfo( 1554): mCompatibilityFlags - 4
12-13 19:50:03.929 D/CompatibilityInfo( 1554): applicationDensity - 240
12-13 19:50:03.929 D/CompatibilityInfo( 1554): applicationScale - 1.0
12-13 19:50:03.944 I/VysorMain( 4498): Host: localhost:53516
12-13 19:50:03.944 I/VysorMain( 4498): User-Agent: Dalvik/2.1.0 (Linux; U; Android 8.1.0; SDM845 for arm64 Build/OPM1.171019.026)
12-13 19:50:03.944 I/VysorMain( 4498): Accept-Encoding: gzip, deflate
12-13 19:50:03.944 I/VysorMain( 4498): Connection: Upgrade
12-13 19:50:03.944 I/VysorMain( 4498): Accept: */*
12-13 19:50:03.944 I/VysorMain( 4498): Sec-WebSocket-Version: 13
12-13 19:50:03.944 I/VysorMain( 4498): Sec-WebSocket-Key: pYnd5oG7Thm9QO05Q4l8Ug==
12-13 19:50:03.944 I/VysorMain( 4498): Sec-WebSocket-Extensions: x-webkit-deflate-frame
12-13 19:50:03.944 I/VysorMain( 4498): Upgrade: websocket
12-13 19:50:03.944 I/VysorMain( 4498): Sec-WebSocket-Protocol: ime-protocol
12-13 19:50:03.944 I/VysorMain( 4498): Pragma: no-cache
12-13 19:50:03.944 I/VysorMain( 4498): Cache-Control: no-cache
12-13 19:50:03.944 I/VysorMain( 4498): 
12-13 19:50:04.332 I/VysorMain( 4498): New video socket accepted.
12-13 19:50:04.334 I/VysorMain( 4498): Got password 2c5746f
12-13 19:50:04.335 I/VysorMain( 4498): Video authentication succeeded
12-13 19:50:04.337 I/StdOutDevice( 4498): Requested Width: 960 Requested Height: 540
12-13 19:50:04.338 I/VysorMain( 4498): registering virtual display
12-13 19:50:04.341 I//system/bin/app_process32( 4498): Thread[10,tid=4508,Native,Thread*=0xe3ccb000,peer=0x12d46768,"AsyncServer"] recursive attempt to load library "/system/lib/libmedia_jni.so"
12-13 19:50:04.342 D/MtpDeviceJNI( 4498): register_android_mtp_MtpDevice
12-13 19:50:04.342 I//system/bin/app_process32( 4498): Thread[10,tid=4508,Native,Thread*=0xe3ccb000,peer=0x12d46768,"AsyncServer"] recursive attempt to load library "/system/lib/libmedia_jni.so"
12-13 19:50:04.343 I//system/bin/app_process32( 4498): Thread[10,tid=4508,Native,Thread*=0xe3ccb000,peer=0x12d46768,"AsyncServer"] recursive attempt to load library "/system/lib/libmedia_jni.so"
12-13 19:50:04.359 W/VideoCapabilities( 4498): Unrecognized profile 2130706433 for video/avc
12-13 19:50:04.359 W/VideoCapabilities( 4498): Unrecognized profile 2130706434 for video/avc
12-13 19:50:04.361 W/VideoCapabilities( 4498): Unrecognized profile 2130706433 for video/avc
12-13 19:50:04.361 W/VideoCapabilities( 4498): Unrecognized profile 2130706434 for video/avc
12-13 19:50:04.364 W/VideoCapabilities( 4498): Unsupported mime video/divx
12-13 19:50:04.366 W/VideoCapabilities( 4498): Unsupported mime video/divx4
12-13 19:50:04.376 W/VideoCapabilities( 4498): Unrecognized profile/level 0/3 for video/mpeg2
12-13 19:50:04.378 W/VideoCapabilities( 4498): Unrecognized profile/level 0/3 for video/mpeg2
12-13 19:50:04.383 W/VideoCapabilities( 4498): Unsupported mime video/x-ms-wmv
12-13 19:50:04.393 W/VideoCapabilities( 4498): Unrecognized profile 2130706433 for video/avc
12-13 19:50:04.393 W/VideoCapabilities( 4498): Unrecognized profile 2130706434 for video/avc
12-13 19:50:04.404 I/VideoCapabilities( 4498): Unsupported profile 4 for video/mp4v-es
12-13 19:50:04.410 I/StdOutDevice( 4498): OMX.qcom.video.encoder.avc
12-13 19:50:04.411 W/VideoCapabilities( 4498): Unrecognized profile 2130706433 for video/avc
12-13 19:50:04.411 W/VideoCapabilities( 4498): Unrecognized profile 2130706434 for video/avc
12-13 19:50:04.412 I/StdOutDevice( 4498): colorFormat: 2141391878
12-13 19:50:04.412 I/StdOutDevice( 4498): colorFormat: 2141391876
12-13 19:50:04.412 I/StdOutDevice( 4498): colorFormat: 2141391872
12-13 19:50:04.412 I/StdOutDevice( 4498): colorFormat: 2141391881
12-13 19:50:04.412 I/StdOutDevice( 4498): colorFormat: 2141391882
12-13 19:50:04.412 I/StdOutDevice( 4498): colorFormat: 2141391880
12-13 19:50:04.412 I/StdOutDevice( 4498): colorFormat: 2141391879
12-13 19:50:04.412 I/StdOutDevice( 4498): colorFormat: 2130708361
12-13 19:50:04.412 I/StdOutDevice( 4498): colorFormat: 2135033992
12-13 19:50:04.412 I/StdOutDevice( 4498): colorFormat: 21
12-13 19:50:04.412 I/StdOutDevice( 4498): profile/level: 2130706433/65536
12-13 19:50:04.412 I/StdOutDevice( 4498): profile/level: 1/65536
12-13 19:50:04.412 I/StdOutDevice( 4498): profile/level: 2/65536
12-13 19:50:04.412 I/StdOutDevice( 4498): profile/level: 2130706434/65536
12-13 19:50:04.412 I/StdOutDevice( 4498): profile/level: 8/65536
12-13 19:50:04.413 I/StdOutDevice( 4498): OMX.google.h264.encoder
12-13 19:50:04.413 I/StdOutDevice( 4498): colorFormat: 2135033992
12-13 19:50:04.414 I/StdOutDevice( 4498): colorFormat: 19
12-13 19:50:04.414 I/StdOutDevice( 4498): colorFormat: 21
12-13 19:50:04.414 I/StdOutDevice( 4498): colorFormat: 2130708361
12-13 19:50:04.414 I/StdOutDevice( 4498): profile/level: 65536/4096
12-13 19:50:04.414 I/StdOutDevice( 4498): profile/level: 1/4096
12-13 19:50:04.414 I/StdOutDevice( 4498): profile/level: 2/4096
12-13 19:50:04.415 E/StdOutDevice( 4498): Error getting media profiles
12-13 19:50:04.415 E/StdOutDevice( 4498): java.io.FileNotFoundException: /system/etc/media_profiles.xml (No such file or directory)
12-13 19:50:04.415 E/StdOutDevice( 4498): 	at java.io.FileInputStream.open0(Native Method)
12-13 19:50:04.415 E/StdOutDevice( 4498): 	at java.io.FileInputStream.open(FileInputStream.java:200)
12-13 19:50:04.415 E/StdOutDevice( 4498): 	at java.io.FileInputStream.<init>(FileInputStream.java:150)
12-13 19:50:04.415 E/StdOutDevice( 4498): 	at com.koushikdutta.async.util.StreamUtility.readFile(StreamUtility.java:3)
12-13 19:50:04.415 E/StdOutDevice( 4498): 	at com.koushikdutta.async.util.StreamUtility.readFile(StreamUtility.java:1)
12-13 19:50:04.415 E/StdOutDevice( 4498): 	at com.koushikdutta.virtualdisplay.EncoderDevice.createDisplaySurface(EncoderDevice.java:15)
12-13 19:50:04.415 E/StdOutDevice( 4498): 	at com.koushikdutta.virtualdisplay.EncoderDevice.registerVirtualDisplay(EncoderDevice.java:1)
12-13 19:50:04.415 E/StdOutDevice( 4498): 	at com.koushikdutta.vysor.Main.writer(Main.java:11)
12-13 19:50:04.415 E/StdOutDevice( 4498): 	at com.koushikdutta.vysor.Main$18.onAuthenticated(Main.java:4)
12-13 19:50:04.415 E/StdOutDevice( 4498): 	at com.koushikdutta.vysor.Main$18$2.onStringAvailable(Main.java:4)
12-13 19:50:04.415 E/StdOutDevice( 4498): 	at com.koushikdutta.async.LineEmitter.onDataAvailable(LineEmitter.java:6)
12-13 19:50:04.415 E/StdOutDevice( 4498): 	at com.koushikdutta.async.Util.emitAllData(Util.java:2)
12-13 19:50:04.415 E/StdOutDevice( 4498): 	at com.koushikdutta.async.AsyncNetworkSocket.onReadable(AsyncNetworkSocket.java:12)
12-13 19:50:04.415 E/StdOutDevice( 4498): 	at com.koushikdutta.async.AsyncServer.runLoop(AsyncServer.java:26)
12-13 19:50:04.415 E/StdOutDevice( 4498): 	at com.koushikdutta.async.AsyncServer.run(AsyncServer.java:28)
12-13 19:50:04.415 E/StdOutDevice( 4498): 	at com.koushikdutta.async.AsyncServer.access$800(AsyncServer.java:1)
12-13 19:50:04.415 E/StdOutDevice( 4498): 	at com.koushikdutta.async.AsyncServer$8.run(AsyncServer.java:2)
12-13 19:50:04.418 E/StdOutDevice( 4498): Error getting camcorder profiles
12-13 19:50:04.418 E/StdOutDevice( 4498): java.lang.NullPointerException: Attempt to invoke virtual method 'boolean java.lang.String.equals(java.lang.Object)' on a null object reference
12-13 19:50:04.418 E/StdOutDevice( 4498): 	at android.hardware.Camera.getNumberOfCameras(Camera.java:277)
12-13 19:50:04.418 E/StdOutDevice( 4498): 	at android.media.CamcorderProfile.get(CamcorderProfile.java:397)
12-13 19:50:04.418 E/StdOutDevice( 4498): 	at com.koushikdutta.virtualdisplay.EncoderDevice.createDisplaySurface(EncoderDevice.java:29)
12-13 19:50:04.418 E/StdOutDevice( 4498): 	at com.koushikdutta.virtualdisplay.EncoderDevice.registerVirtualDisplay(EncoderDevice.java:1)
12-13 19:50:04.418 E/StdOutDevice( 4498): 	at com.koushikdutta.vysor.Main.writer(Main.java:11)
12-13 19:50:04.418 E/StdOutDevice( 4498): 	at com.koushikdutta.vysor.Main$18.onAuthenticated(Main.java:4)
12-13 19:50:04.418 E/StdOutDevice( 4498): 	at com.koushikdutta.vysor.Main$18$2.onStringAvailable(Main.java:4)
12-13 19:50:04.418 E/StdOutDevice( 4498): 	at com.koushikdutta.async.LineEmitter.onDataAvailable(LineEmitter.java:6)
12-13 19:50:04.418 E/StdOutDevice( 4498): 	at com.koushikdutta.async.Util.emitAllData(Util.java:2)
12-13 19:50:04.418 E/StdOutDevice( 4498): 	at com.koushikdutta.async.AsyncNetworkSocket.onReadable(AsyncNetworkSocket.java:12)
12-13 19:50:04.418 E/StdOutDevice( 4498): 	at com.koushikdutta.async.AsyncServer.runLoop(AsyncServer.java:26)
12-13 19:50:04.418 E/StdOutDevice( 4498): 	at com.koushikdutta.async.AsyncServer.run(AsyncServer.java:28)
12-13 19:50:04.418 E/StdOutDevice( 4498): 	at com.koushikdutta.async.AsyncServer.access$800(AsyncServer.java:1)
12-13 19:50:04.418 E/StdOutDevice( 4498): 	at com.koushikdutta.async.AsyncServer$8.run(AsyncServer.java:2)
12-13 19:50:04.418 E/StdOutDevice( 4498): Error getting camcorder profiles
12-13 19:50:04.418 E/StdOutDevice( 4498): java.lang.NullPointerException: Attempt to invoke virtual method 'boolean java.lang.String.equals(java.lang.Object)' on a null object reference
12-13 19:50:04.418 E/StdOutDevice( 4498): 	at android.hardware.Camera.getNumberOfCameras(Camera.java:277)
12-13 19:50:04.418 E/StdOutDevice( 4498): 	at android.media.CamcorderProfile.get(CamcorderProfile.java:397)
12-13 19:50:04.418 E/StdOutDevice( 4498): 	at com.koushikdutta.virtualdisplay.EncoderDevice.createDisplaySurface(EncoderDevice.java:31)
12-13 19:50:04.418 E/StdOutDevice( 4498): 	at com.koushikdutta.virtualdisplay.EncoderDevice.registerVirtualDisplay(EncoderDevice.java:1)
12-13 19:50:04.418 E/StdOutDevice( 4498): 	at com.koushikdutta.vysor.Main.writer(Main.java:11)
12-13 19:50:04.418 E/StdOutDevice( 4498): 	at com.koushikdutta.vysor.Main$18.onAuthenticated(Main.java:4)
12-13 19:50:04.418 E/StdOutDevice( 4498): 	at com.koushikdutta.vysor.Main$18$2.onStringAvailable(Main.java:4)
12-13 19:50:04.418 E/StdOutDevice( 4498): 	at com.koushikdutta.async.LineEmitter.onDataAvailable(LineEmitter.java:6)
12-13 19:50:04.418 E/StdOutDevice( 4498): 	at com.koushikdutta.async.Util.emitAllData(Util.java:2)
12-13 19:50:04.418 E/StdOutDevice( 4498): 	at com.koushikdutta.async.AsyncNetworkSocket.onReadable(AsyncNetworkSocket.java:12)
12-13 19:50:04.418 E/StdOutDevice( 4498): 	at com.koushikdutta.async.AsyncServer.runLoop(AsyncServer.java:26)
12-13 19:50:04.418 E/StdOutDevice( 4498): 	at com.koushikdutta.async.AsyncServer.run(AsyncServer.java:28)
12-13 19:50:04.418 E/StdOutDevice( 4498): 	at com.koushikdutta.async.AsyncServer.access$800(AsyncServer.java:1)
12-13 19:50:04.418 E/StdOutDevice( 4498): 	at com.koushikdutta.async.AsyncServer$8.run(AsyncServer.java:2)
12-13 19:50:04.418 I/StdOutDevice( 4498): Width: 640 Height: 352
12-13 19:50:04.419 I/StdOutDevice( 4498): Bitrate: 500000
12-13 19:50:04.419 I/StdOutDevice( 4498): Frame rate: 30
12-13 19:50:04.419 I/StdOutDevice( 4498): Creating encoder
12-13 19:50:04.425 I/OMXClient( 4498): Treble IOmx obtained
12-13 19:50:04.426 I/OMXMaster( 1289): makeComponentInstance(OMX.qcom.video.encoder.avc) in omx@1.0-service process
12-13 19:50:04.435 I/OMX-VENC( 1289): Video encode perflock acquired,handle=36
12-13 19:50:04.522 I/OMX-VENC( 1289): Component_init : OMX.qcom.video.encoder.avc : return = 0x0
12-13 19:50:04.524 I/StdOutDevice( 4498): Created encoder
12-13 19:50:04.525 I/StdOutDevice( 4498): Configuring encoder
12-13 19:50:04.525 E/OMX-VENC( 1289): Enable/Disable allocate-native-handle allowed only in secure session
12-13 19:50:04.526 E/OMXNodeInstance( 1289): setParameter(0xf084a244:qcom.encoder.avc, OMX.google.android.index.allocateNativeHandle(0x7f00005d): Output:1 en=0) ERROR: UnsupportedSetting(0x80001019)
12-13 19:50:04.526 E/OMX-VENC( 1289): set_parameter: metamode is valid for input port only
12-13 19:50:04.526 W/OMXNodeInstance( 1289): [0xf084a244:qcom.encoder.avc] component does not support metadata mode; using fallback
12-13 19:50:04.526 I/ExtendedACodec( 4498): setupVideoEncoder()
12-13 19:50:04.527 W/OMXUtils( 4498): do not know color format 0x7fa30c06 = 2141391878
12-13 19:50:04.527 W/OMXUtils( 4498): do not know color format 0x7fa30c04 = 2141391876
12-13 19:50:04.528 W/OMXUtils( 4498): do not know color format 0x7fa30c00 = 2141391872
12-13 19:50:04.528 W/OMXUtils( 4498): do not know color format 0x7fa30c09 = 2141391881
12-13 19:50:04.529 W/OMXUtils( 4498): do not know color format 0x7fa30c0a = 2141391882
12-13 19:50:04.529 W/OMXUtils( 4498): do not know color format 0x7fa30c08 = 2141391880
12-13 19:50:04.530 W/OMXUtils( 4498): do not know color format 0x7fa30c07 = 2141391879
12-13 19:50:04.530 W/OMXUtils( 4498): do not know color format 0x7f000789 = 2130708361
12-13 19:50:04.531 E/OMX-VENC: venc_dev( 1289): Unsupported eColorFormat 0x7f000789
12-13 19:50:04.534 I/ACodec  ( 4498): setupAVCEncoderParameters with [profile: Baseline] [level: Level1]
12-13 19:50:04.534 E/OMX-VENC( 1289): Failed to update the profile_level
12-13 19:50:04.535 I/ACodec  ( 4498): [OMX.qcom.video.encoder.avc] cannot encode HDR static metadata. Ignoring.
12-13 19:50:04.535 I/ACodec  ( 4498): setupVideoEncoder succeeded
12-13 19:50:04.535 I/ExtendedACodec( 4498): [OMX.qcom.video.encoder.avc] configure, AMessage : AMessage(what = 'conf', target = 1) = {
12-13 19:50:04.535 I/ExtendedACodec( 4498):   int32_t color-format = 2130708361
12-13 19:50:04.535 I/ExtendedACodec( 4498):   int32_t i-frame-interval = 30
12-13 19:50:04.535 I/ExtendedACodec( 4498):   string mime = "video/avc"
12-13 19:50:04.535 I/ExtendedACodec( 4498):   int32_t width = 640
12-13 19:50:04.535 I/ExtendedACodec( 4498):   int32_t bitrate = 500000
12-13 19:50:04.535 I/ExtendedACodec( 4498):   int32_t frame-rate = 30
12-13 19:50:04.535 I/ExtendedACodec( 4498):   int32_t height = 352
12-13 19:50:04.535 I/ExtendedACodec( 4498):   int64_t repeat-previous-frame-after = 33000
12-13 19:50:04.535 I/ExtendedACodec( 4498):   int32_t encoder = 1
12-13 19:50:04.535 I/ExtendedACodec( 4498): }
12-13 19:50:04.536 W/OMXUtils( 4498): do not know color format 0x7f000789 = 2130708361
12-13 19:50:04.536 E/OMX-VENC( 1289): ERROR: unsupported index 1870659589
12-13 19:50:04.536 E/OMXNodeInstance( 1289): getConfig(0xf084a244:qcom.encoder.avc, ConfigLatency(0x6f800005)) ERROR: UnsupportedIndex(0x8000101a)
12-13 19:50:04.546 I/StdOutDevice( 4498): Creating input surface
12-13 19:50:04.547 E/OMX-VENC( 1289): Does not handle dataspace request
12-13 19:50:04.547 E/OMXNodeInstance( 1289): getConfig(0xf084a244:qcom.encoder.avc, ??(0x7f000062)) ERROR: UnsupportedSetting(0x80001019)
12-13 19:50:04.548 E/OMXNodeInstance( 1289): getParameter(0xf084a244:qcom.encoder.avc, ParamConsumerUsageBits(0x6f800004)) ERROR: UnsupportedIndex(0x8000101a)
12-13 19:50:04.548 D/GraphicBufferSource( 1289): setting dataspace: 0x103, acquired=0
12-13 19:50:04.548 E/OMXNodeInstance( 1289): getParameter(0xf084a244:qcom.encoder.avc, ParamConsumerUsageBits(0x6f800004)) ERROR: UnsupportedIndex(0x8000101a)
12-13 19:50:04.548 D/GraphicBufferSource( 1289): requesting color aspects (R:2(Limited), P:4(BT601_6_525), M:3(BT601_6), T:3(SMPTE170M))
12-13 19:50:04.549 I/StdOutDevice( 4498): Starting Encoder
12-13 19:50:04.551 W//system/bin/hw/android.hidl.allocator@1.0-service(  648): ashmem_create_region(8) returning hidl_memory(0x7245e2b470, 8)
12-13 19:50:04.557 I/chatty  (  648): uid=1000(system) allocator@1.0-s identical 7 lines
12-13 19:50:04.557 W//system/bin/hw/android.hidl.allocator@1.0-service(  648): ashmem_create_region(8) returning hidl_memory(0x7245e2b470, 8)
12-13 19:50:04.559 W//system/bin/hw/android.hidl.allocator@1.0-service(  648): ashmem_create_region(225280) returning hidl_memory(0x7245e2b470, 225280)
12-13 19:50:04.561 I/chatty  (  648): uid=1000(system) allocator@1.0-s identical 4 lines
12-13 19:50:04.561 W//system/bin/hw/android.hidl.allocator@1.0-service(  648): ashmem_create_region(225280) returning hidl_memory(0x7245e2b470, 225280)
12-13 19:50:04.563 I/StdOutDevice( 4498): Surface ready
12-13 19:50:04.563 I/StdOutDevice( 4498): Encoder ready
12-13 19:50:04.563 E/StdOutDevice( 4498): Created surface
12-13 19:50:04.564 I/StdOutDevice( 4498): Writer started.
12-13 19:50:04.567 E/        (  694): HpInterface: Wrong interface type.
12-13 19:50:04.559 W/Binder:694_5(  694): type=1400 audit(0.0:122): avc: denied { call } for scontext=u:r:surfaceflinger:s0 tcontext=u:r:mediacodec:s0 tclass=binder permissive=0
12-13 19:50:04.660 D/SurfaceControl( 1554): Excessive delay in setPowerMode()
12-13 19:50:04.669 E/FrameEvents(  694): Source mDeltas not empty.
12-13 19:50:04.669 E/FrameEvents(  694): Source mDeltas not empty.
12-13 19:50:04.670 W/GraphicBufferSource( 1289): released unpopulated slots: [0, 1, 2, 3, 4, 5, 6, 7, 8, 9, 10, 11, 12, 13, 14, 15, 16, 17, 18, 19, 20, 21, 22, 23, 24, 25, 26, 27, 28, 29, 30, 31, 32, 33, 34, 35, 36, 37, 38, 39, 40, 41, 42, 43, 44, 45, 46, 47, 48, 49, 50, 51, 52, 53, 54, 55, 56, 57, 58, 59, 60, 61, 62, 63]
12-13 19:50:04.676 I/VysorMain( 4498): virtual display registered
12-13 19:50:04.679 I/Choreographer( 1554): Skipped 49 frames!  The application may be doing too much work on its main thread.
12-13 19:50:04.681 I/sensors-hal(  662): batch:161, android.sensor.device_orientation/21, period=66667000, max_latency=0
12-13 19:50:04.681 I/sensors-hal(  662): batch:170, android.sensor.device_orientation/21, period=66667000, max_latency=0 request completed
12-13 19:50:04.681 I/sensors-hal(  662): activate:128, android.sensor.device_orientation/21 en=1
12-13 19:50:04.684 I/sensors-hal(  662): activate:139, android.sensor.device_orientation/21 en=1 completed
12-13 19:50:04.685 I/DisplayPowerController( 1554): Unblocked screen on after 883 ms
12-13 19:50:04.686 W/PowerManagerService( 1554): Screen on took 893 ms
12-13 19:50:04.686 I/DreamManagerService( 1554): Gently waking up from dream.
12-13 19:50:04.686 I/DreamManagerService( 1554): Performing gentle wake from dream.
12-13 19:50:04.686 D/KeyguardViewMediator( 1945): notifyScreenTurnedOn
12-13 19:50:04.707 D/GraphicBufferSource( 1289): got buffer with new dataSpace #103
12-13 19:50:04.708 I/OMX-VENC( 1289): get_config (dataspace changed): ColorSpace: Recommend 601 for RGBA8888
12-13 19:50:04.708 D/OMXNodeInstance( 1289): Codec resolved it to (R:2(??), P:3(??), M:3(??), T:3(??)) err=0(NO_ERROR)
12-13 19:50:04.710 E/OMXNodeInstance( 1289): setConfig(0xf084a244:qcom.encoder.avc, ??(0x7f000062)) ERROR: UnsupportedSetting(0x80001019)
12-13 19:50:04.710 D/ACodec  ( 4498): dataspace changed to 0x10c40000 (R:2(Limited), P:3(BT601_6_625), M:3(BT601_6), T:3(SMPTE170M)) (R:2(Limited), S:4(BT601_525), T:3(SMPTE_170M))
12-13 19:50:04.711 W/C2DColorConvert( 1289): calcYSize: Format not supported , 6
12-13 19:50:04.716 D/KeyguardUpdateMonitor( 1945): received broadcast android.intent.action.BATTERY_CHANGED
12-13 19:50:04.720 I/DreamManagerService( 1554): Leaving dreamland.
12-13 19:50:04.720 I/DreamManagerService( 1554): Performing gentle wake from dream.
12-13 19:50:04.721 I/DreamController( 1554): Stopping dream: name=ComponentInfo{com.android.systemui/com.android.systemui.doze.DozeService}, isTest=false, canDoze=true, userId=0
12-13 19:50:04.721 D/KeyguardViewMediator( 1945): handleNotifyScreenTurnedOn
12-13 19:50:04.721 D/KeyguardUpdateMonitor( 1945): handleBatteryUpdate
12-13 19:50:04.723 I/StdOutDevice( 4498): MediaCodec.INFO_OUTPUT_FORMAT_CHANGED
12-13 19:50:04.725 I/StdOutDevice( 4498): output width: 640
12-13 19:50:04.725 I/StdOutDevice( 4498): output height: 352
12-13 19:50:04.725 I/StdOutDevice( 4498): Got first buffer
12-13 19:50:04.734 V/KeyguardUpdateMonitor( 1945): startListeningForFingerprint()
12-13 19:50:04.737 I/StdOutDevice( 4498): Bitrate: 500000
12-13 19:50:05.803 V/KeyguardStatusView( 1945): Enable transport text marquee
12-13 19:50:06.230 E/ANDR-PERF-REQUEST(  677): Failed to set timer
12-13 19:50:06.582 D/KeyguardSecurityView( 1945): showNextSecurityScreenOrFinish(false)
12-13 19:50:06.584 D/KeyguardViewMediator( 1945): handleKeyguardDone
12-13 19:50:06.585 D/KeyguardViewMediator( 1945): handleHide
12-13 19:50:06.585 D/KeyguardViewMediator( 1945): keyguardGoingAway
12-13 19:50:06.587 D/ActivityTrigger( 1554): activityResumeTrigger: The activity in ApplicationInfo{f2fb6c4 com.koushikdutta.vysor} is now in focus and seems to be in full-screen mode
12-13 19:50:06.587 E/ActivityTrigger( 1554): activityResumeTrigger: not whiteListedcom.koushikdutta.vysor/com.koushikdutta.vysor.VysorAdActivity/1581390000
12-13 19:50:06.615 I/ActivityManager( 1554): Config changes=480 {1.0 ?mcc?mnc [en_US] ldltr sw720dp w720dp h1208dp 240dpi lrg long port -touch -keyb/v/h -nav/h appBounds=Rect(0, 0 - 1080, 1848) s.10}
