12-13 19:50:10.939 I/StdOutDevice( 4498): colorFormat: 21
12-13 19:50:10.939 I/StdOutDevice( 4498): colorFormat: 2130708361
12-13 19:50:10.939 I/StdOutDevice( 4498): profile/level: 65536/4096
12-13 19:50:10.939 I/StdOutDevice( 4498): profile/level: 1/4096
12-13 19:50:10.940 I/StdOutDevice( 4498): profile/level: 2/4096
12-13 19:50:10.941 E/StdOutDevice( 4498): Error getting media profiles
12-13 19:50:10.941 E/StdOutDevice( 4498): java.io.FileNotFoundException: /system/etc/media_profiles.xml (No such file or directory)
12-13 19:50:10.941 E/StdOutDevice( 4498): 	at java.io.FileInputStream.open0(Native Method)
12-13 19:50:10.941 E/StdOutDevice( 4498): 	at java.io.FileInputStream.open(FileInputStream.java:200)
12-13 19:50:10.941 E/StdOutDevice( 4498): 	at java.io.FileInputStream.<init>(FileInputStream.java:150)
12-13 19:50:10.941 E/StdOutDevice( 4498): 	at com.koushikdutta.async.util.StreamUtility.readFile(StreamUtility.java:3)
12-13 19:50:10.941 E/StdOutDevice( 4498): 	at com.koushikdutta.async.util.StreamUtility.readFile(StreamUtility.java:1)
12-13 19:50:10.941 E/StdOutDevice( 4498): 	at com.koushikdutta.virtualdisplay.EncoderDevice.createDisplaySurface(EncoderDevice.java:15)
12-13 19:50:10.941 E/StdOutDevice( 4498): 	at com.koushikdutta.virtualdisplay.EncoderDevice.registerVirtualDisplay(EncoderDevice.java:1)
12-13 19:50:10.941 E/StdOutDevice( 4498): 	at com.koushikdutta.vysor.Main.writer(Main.java:11)
12-13 19:50:10.941 E/StdOutDevice( 4498): 	at com.koushikdutta.vysor.Main$18.onAuthenticated(Main.java:4)
12-13 19:50:10.941 E/StdOutDevice( 4498): 	at com.koushikdutta.vysor.Main$18$2.onStringAvailable(Main.java:4)
12-13 19:50:10.941 E/StdOutDevice( 4498): 	at com.koushikdutta.async.LineEmitter.onDataAvailable(LineEmitter.java:6)
12-13 19:50:10.941 E/StdOutDevice( 4498): 	at com.koushikdutta.async.Util.emitAllData(Util.java:2)
12-13 19:50:10.941 E/StdOutDevice( 4498): 	at com.koushikdutta.async.AsyncNetworkSocket.onReadable(AsyncNetworkSocket.java:12)
12-13 19:50:10.941 E/StdOutDevice( 4498): 	at com.koushikdutta.async.AsyncServer.runLoop(AsyncServer.java:26)
12-13 19:50:10.941 E/StdOutDevice( 4498): 	at com.koushikdutta.async.AsyncServer.run(AsyncServer.java:28)
12-13 19:50:10.941 E/StdOutDevice( 4498): 	at com.koushikdutta.async.AsyncServer.access$800(AsyncServer.java:1)
12-13 19:50:10.941 E/StdOutDevice( 4498): 	at com.koushikdutta.async.AsyncServer$8.run(AsyncServer.java:2)
12-13 19:50:10.942 E/StdOutDevice( 4498): Error getting camcorder profiles
12-13 19:50:10.942 E/StdOutDevice( 4498): java.lang.NullPointerException: Attempt to invoke virtual method 'boolean java.lang.String.equals(java.lang.Object)' on a null object reference
12-13 19:50:10.942 E/StdOutDevice( 4498): 	at android.hardware.Camera.getNumberOfCameras(Camera.java:277)
12-13 19:50:10.942 E/StdOutDevice( 4498): 	at android.media.CamcorderProfile.get(CamcorderProfile.java:397)
12-13 19:50:10.942 E/StdOutDevice( 4498): 	at com.koushikdutta.virtualdisplay.EncoderDevice.createDisplaySurface(EncoderDevice.java:29)
12-13 19:50:10.942 E/StdOutDevice( 4498): 	at com.koushikdutta.virtualdisplay.EncoderDevice.registerVirtualDisplay(EncoderDevice.java:1)
12-13 19:50:10.942 E/StdOutDevice( 4498): 	at com.koushikdutta.vysor.Main.writer(Main.java:11)
12-13 19:50:10.942 E/StdOutDevice( 4498): 	at com.koushikdutta.vysor.Main$18.onAuthenticated(Main.java:4)
12-13 19:50:10.942 E/StdOutDevice( 4498): 	at com.koushikdutta.vysor.Main$18$2.onStringAvailable(Main.java:4)
12-13 19:50:10.942 E/StdOutDevice( 4498): 	at com.koushikdutta.async.LineEmitter.onDataAvailable(LineEmitter.java:6)
12-13 19:50:10.942 E/StdOutDevice( 4498): 	at com.koushikdutta.async.Util.emitAllData(Util.java:2)
12-13 19:50:10.942 E/StdOutDevice( 4498): 	at com.koushikdutta.async.AsyncNetworkSocket.onReadable(AsyncNetworkSocket.java:12)
12-13 19:50:10.942 E/StdOutDevice( 4498): 	at com.koushikdutta.async.AsyncServer.runLoop(AsyncServer.java:26)
12-13 19:50:10.942 E/StdOutDevice( 4498): 	at com.koushikdutta.async.AsyncServer.run(AsyncServer.java:28)
12-13 19:50:10.942 E/StdOutDevice( 4498): 	at com.koushikdutta.async.AsyncServer.access$800(AsyncServer.java:1)
12-13 19:50:10.942 E/StdOutDevice( 4498): 	at com.koushikdutta.async.AsyncServer$8.run(AsyncServer.java:2)
12-13 19:50:10.942 E/StdOutDevice( 4498): Error getting camcorder profiles
12-13 19:50:10.942 E/StdOutDevice( 4498): java.lang.NullPointerException: Attempt to invoke virtual method 'boolean java.lang.String.equals(java.lang.Object)' on a null object reference
12-13 19:50:10.942 E/StdOutDevice( 4498): 	at android.hardware.Camera.getNumberOfCameras(Camera.java:277)
12-13 19:50:10.942 E/StdOutDevice( 4498): 	at android.media.CamcorderProfile.get(CamcorderProfile.java:397)
12-13 19:50:10.942 E/StdOutDevice( 4498): 	at com.koushikdutta.virtualdisplay.EncoderDevice.createDisplaySurface(EncoderDevice.java:31)
12-13 19:50:10.942 E/StdOutDevice( 4498): 	at com.koushikdutta.virtualdisplay.EncoderDevice.registerVirtualDisplay(EncoderDevice.java:1)
12-13 19:50:10.942 E/StdOutDevice( 4498): 	at com.koushikdutta.vysor.Main.writer(Main.java:11)
12-13 19:50:10.942 E/StdOutDevice( 4498): 	at com.koushikdutta.vysor.Main$18.onAuthenticated(Main.java:4)
12-13 19:50:10.942 E/StdOutDevice( 4498): 	at com.koushikdutta.vysor.Main$18$2.onStringAvailable(Main.java:4)
12-13 19:50:10.942 E/StdOutDevice( 4498): 	at com.koushikdutta.async.LineEmitter.onDataAvailable(LineEmitter.java:6)
12-13 19:50:10.942 E/StdOutDevice( 4498): 	at com.koushikdutta.async.Util.emitAllData(Util.java:2)
12-13 19:50:10.942 E/StdOutDevice( 4498): 	at com.koushikdutta.async.AsyncNetworkSocket.onReadable(AsyncNetworkSocket.java:12)
12-13 19:50:10.942 E/StdOutDevice( 4498): 	at com.koushikdutta.async.AsyncServer.runLoop(AsyncServer.java:26)
12-13 19:50:10.942 E/StdOutDevice( 4498): 	at com.koushikdutta.async.AsyncServer.run(AsyncServer.java:28)
12-13 19:50:10.942 E/StdOutDevice( 4498): 	at com.koushikdutta.async.AsyncServer.access$800(AsyncServer.java:1)
12-13 19:50:10.942 E/StdOutDevice( 4498): 	at com.koushikdutta.async.AsyncServer$8.run(AsyncServer.java:2)
12-13 19:50:10.942 I/StdOutDevice( 4498): Width: 640 Height: 352
12-13 19:50:10.942 I/StdOutDevice( 4498): Bitrate: 500000
12-13 19:50:10.943 I/StdOutDevice( 4498): Frame rate: 30
12-13 19:50:10.943 I/StdOutDevice( 4498): Creating encoder
12-13 19:50:10.945 E/OMX-VENC: venc_dev( 1289): async_venc_message_thread interrupted to be exited
12-13 19:50:10.947 I/OMX-VENC( 1289): Component Deinit
12-13 19:50:10.947 I/OMX-VENC( 1289): Video encode perflock released
12-13 19:50:10.949 I/OMXClient( 4498): Treble IOmx obtained
12-13 19:50:10.949 I/OMXMaster( 1289): makeComponentInstance(OMX.qcom.video.encoder.avc) in omx@1.0-service process
12-13 19:50:10.956 I/StdOutDevice( 4498): =======ENCODING COMPELTE=======
12-13 19:50:10.959 I/OMX-VENC( 1289): Video encode perflock acquired,handle=43
12-13 19:50:10.963 I/OMX-VENC( 1289): Component_init : OMX.qcom.video.encoder.avc : return = 0x0
12-13 19:50:10.965 I/StdOutDevice( 4498): Created encoder
12-13 19:50:10.965 I/StdOutDevice( 4498): Configuring encoder
12-13 19:50:10.967 E/OMX-VENC( 1289): Enable/Disable allocate-native-handle allowed only in secure session
12-13 19:50:10.967 E/OMXNodeInstance( 1289): setParameter(0xf084a244:qcom.encoder.avc, OMX.google.android.index.allocateNativeHandle(0x7f00005d): Output:1 en=0) ERROR: UnsupportedSetting(0x80001019)
12-13 19:50:10.967 E/OMX-VENC( 1289): set_parameter: metamode is valid for input port only
12-13 19:50:10.967 W/OMXNodeInstance( 1289): [0xf084a244:qcom.encoder.avc] component does not support metadata mode; using fallback
12-13 19:50:10.967 I/ExtendedACodec( 4498): setupVideoEncoder()
12-13 19:50:10.967 W/OMXUtils( 4498): do not know color format 0x7fa30c06 = 2141391878
12-13 19:50:10.968 W/OMXUtils( 4498): do not know color format 0x7fa30c04 = 2141391876
12-13 19:50:10.968 W/OMXUtils( 4498): do not know color format 0x7fa30c00 = 2141391872
12-13 19:50:10.968 W/OMXUtils( 4498): do not know color format 0x7fa30c09 = 2141391881
12-13 19:50:10.969 W/OMXUtils( 4498): do not know color format 0x7fa30c0a = 2141391882
12-13 19:50:10.969 W/OMXUtils( 4498): do not know color format 0x7fa30c08 = 2141391880
12-13 19:50:10.969 W/OMXUtils( 4498): do not know color format 0x7fa30c07 = 2141391879
12-13 19:50:10.970 W/OMXUtils( 4498): do not know color format 0x7f000789 = 2130708361
12-13 19:50:10.970 E/OMX-VENC: venc_dev( 1289): Unsupported eColorFormat 0x7f000789
12-13 19:50:10.972 I/ACodec  ( 4498): setupAVCEncoderParameters with [profile: Baseline] [level: Level1]
12-13 19:50:10.973 E/OMX-VENC( 1289): Failed to update the profile_level
12-13 19:50:10.974 I/ACodec  ( 4498): [OMX.qcom.video.encoder.avc] cannot encode HDR static metadata. Ignoring.
12-13 19:50:10.974 I/ACodec  ( 4498): setupVideoEncoder succeeded
12-13 19:50:10.974 I/ExtendedACodec( 4498): [OMX.qcom.video.encoder.avc] configure, AMessage : AMessage(what = 'conf', target = 7) = {
12-13 19:50:10.974 I/ExtendedACodec( 4498):   int32_t color-format = 2130708361
12-13 19:50:10.974 I/ExtendedACodec( 4498):   int32_t i-frame-interval = 30
12-13 19:50:10.974 I/ExtendedACodec( 4498):   string mime = "video/avc"
12-13 19:50:10.974 I/ExtendedACodec( 4498):   int32_t width = 640
12-13 19:50:10.974 I/ExtendedACodec( 4498):   int32_t bitrate = 500000
12-13 19:50:10.974 I/ExtendedACodec( 4498):   int32_t frame-rate = 30
12-13 19:50:10.974 I/ExtendedACodec( 4498):   int32_t height = 352
12-13 19:50:10.974 I/ExtendedACodec( 4498):   int64_t repeat-previous-frame-after = 33000
12-13 19:50:10.974 I/ExtendedACodec( 4498):   int32_t encoder = 1
12-13 19:50:10.974 I/ExtendedACodec( 4498): }
12-13 19:50:10.974 W/OMXUtils( 4498): do not know color format 0x7f000789 = 2130708361
12-13 19:50:10.975 E/OMX-VENC( 1289): ERROR: unsupported index 1870659589
12-13 19:50:10.975 E/OMXNodeInstance( 1289): getConfig(0xf084a244:qcom.encoder.avc, ConfigLatency(0x6f800005)) ERROR: UnsupportedIndex(0x8000101a)
12-13 19:50:10.983 I/StdOutDevice( 4498): Creating input surface
12-13 19:50:10.984 E/OMX-VENC( 1289): Does not handle dataspace request
12-13 19:50:10.984 E/OMXNodeInstance( 1289): getConfig(0xf084a244:qcom.encoder.avc, ??(0x7f000062)) ERROR: UnsupportedSetting(0x80001019)
12-13 19:50:10.984 E/OMXNodeInstance( 1289): getParameter(0xf084a244:qcom.encoder.avc, ParamConsumerUsageBits(0x6f800004)) ERROR: UnsupportedIndex(0x8000101a)
12-13 19:50:10.984 D/GraphicBufferSource( 1289): setting dataspace: 0x103, acquired=0
12-13 19:50:10.985 E/OMXNodeInstance( 1289): getParameter(0xf084a244:qcom.encoder.avc, ParamConsumerUsageBits(0x6f800004)) ERROR: UnsupportedIndex(0x8000101a)
12-13 19:50:10.985 D/GraphicBufferSource( 1289): requesting color aspects (R:2(Limited), P:4(BT601_6_525), M:3(BT601_6), T:3(SMPTE170M))
12-13 19:50:10.986 I/StdOutDevice( 4498): Starting Encoder
12-13 19:50:10.987 W//system/bin/hw/android.hidl.allocator@1.0-service(  648): ashmem_create_region(8) returning hidl_memory(0x7245e2b470, 8)
12-13 19:50:10.991 I/chatty  (  648): uid=1000(system) allocator@1.0-s identical 7 lines
12-13 19:50:10.991 W//system/bin/hw/android.hidl.allocator@1.0-service(  648): ashmem_create_region(8) returning hidl_memory(0x7245e2b470, 8)
12-13 19:50:10.993 W//system/bin/hw/android.hidl.allocator@1.0-service(  648): ashmem_create_region(225280) returning hidl_memory(0x7245e2b470, 225280)
12-13 19:50:10.995 I/chatty  (  648): uid=1000(system) allocator@1.0-s identical 4 lines
12-13 19:50:10.995 W//system/bin/hw/android.hidl.allocator@1.0-service(  648): ashmem_create_region(225280) returning hidl_memory(0x7245e2b470, 225280)
12-13 19:50:10.996 I/StdOutDevice( 4498): Surface ready
12-13 19:50:10.997 I/StdOutDevice( 4498): Encoder ready
12-13 19:50:10.997 I/StdOutDevice( 4498): Writer started.
12-13 19:50:10.997 E/StdOutDevice( 4498): Created surface
12-13 19:50:11.000 E/        (  694): HpInterface: Wrong interface type.
12-13 19:50:10.989 W/Binder:694_5(  694): type=1400 audit(0.0:124): avc: denied { call } for scontext=u:r:surfaceflinger:s0 tcontext=u:r:mediacodec:s0 tclass=binder permissive=0
12-13 19:50:11.012 E/FrameEvents(  694): Source mDeltas not empty.
12-13 19:50:11.012 E/FrameEvents(  694): Source mDeltas not empty.
12-13 19:50:11.013 W/GraphicBufferSource( 1289): released unpopulated slots: [0, 1, 2, 3, 4, 5, 6, 7, 8, 9, 10, 11, 12, 13, 14, 15, 16, 17, 18, 19, 20, 21, 22, 23, 24, 25, 26, 27, 28, 29, 30, 31, 32, 33, 34, 35, 36, 37, 38, 39, 40, 41, 42, 43, 44, 45, 46, 47, 48, 49, 50, 51, 52, 53, 54, 55, 56, 57, 58, 59, 60, 61, 62, 63]
12-13 19:50:11.016 I/VysorMain( 4498): virtual display registered
12-13 19:50:11.021 D/GraphicBufferSource( 1289): got buffer with new dataSpace #103
12-13 19:50:11.021 I/OMX-VENC( 1289): get_config (dataspace changed): ColorSpace: Recommend 601 for RGBA8888
12-13 19:50:11.022 D/OMXNodeInstance( 1289): Codec resolved it to (R:2(??), P:3(??), M:3(??), T:3(??)) err=0(NO_ERROR)
12-13 19:50:11.026 E/OMXNodeInstance( 1289): setConfig(0xf084a244:qcom.encoder.avc, ??(0x7f000062)) ERROR: UnsupportedSetting(0x80001019)
12-13 19:50:11.028 W/C2DColorConvert( 1289): calcYSize: Format not supported , 6
12-13 19:50:11.030 D/ACodec  ( 4498): dataspace changed to 0x10c40000 (R:2(Limited), P:3(BT601_6_625), M:3(BT601_6), T:3(SMPTE170M)) (R:2(Limited), S:4(BT601_525), T:3(SMPTE_170M))
12-13 19:50:11.039 I/StdOutDevice( 4498): MediaCodec.INFO_OUTPUT_FORMAT_CHANGED
12-13 19:50:11.039 I/StdOutDevice( 4498): output width: 640
12-13 19:50:11.039 I/StdOutDevice( 4498): output height: 352
12-13 19:50:11.040 I/StdOutDevice( 4498): Got first buffer
12-13 19:50:11.051 I/StdOutDevice( 4498): Bitrate: 500000
12-13 19:50:11.180 E/ANDR-PERF-REQUEST(  677): Failed to set timer
12-13 19:50:11.460 D/audio_hw_primary(  649): out_set_parameters: enter: usecase(1: low-latency-playback) kvpairs: suspend_playback=false
12-13 19:50:11.460 D/audio_hw_extn(  649): audio_extn_set_anc_parameters: anc_enabled:0
12-13 19:50:11.460 D/audio_hw_spkr_prot(  649): audio_extn_fbsp_set_parameters: Speaker protection disabled
12-13 19:50:11.488 D/audio_hw_primary(  649): out_set_parameters: enter: usecase(1: low-latency-playback) kvpairs: suspend_playback=true
12-13 19:50:11.488 D/audio_hw_extn(  649): audio_extn_set_anc_parameters: anc_enabled:0
12-13 19:50:11.488 D/audio_hw_spkr_prot(  649): audio_extn_fbsp_set_parameters: Speaker protection disabled
12-13 19:50:11.716 I/zygote64( 1554): Explicit concurrent copying GC freed 6559(917KB) AllocSpace objects, 0(0B) LOS objects, 42% free, 6MB/12MB, paused 265us total 92.742ms
12-13 19:50:11.763 E/ANDR-PERF-REQUEST(  677): Failed to set timer
12-13 19:50:12.489 D/audio_hw_primary(  649): out_set_parameters: enter: usecase(1: low-latency-playback) kvpairs: suspend_playback=false
12-13 19:50:12.489 D/audio_hw_extn(  649): audio_extn_set_anc_parameters: anc_enabled:0
12-13 19:50:12.489 D/audio_hw_spkr_prot(  649): audio_extn_fbsp_set_parameters: Speaker protection disabled
12-13 19:50:12.490 D/audio_hw_primary(  649): out_standby: enter: stream (0xec57b800) usecase(1: low-latency-playback)
12-13 19:50:12.506 E/TaskPersister( 1554): File error accessing recents directory (directory doesn't exist?).
12-13 19:50:12.542 D/audio_hw_primary(  649): disable_audio_route: reset and update mixer path: low-latency-playback
12-13 19:50:12.543 D/soundtrigger(  649): audio_extn_sound_trigger_update_stream_status: uc_id 1 of type 0 for Event 2, with Raise=0
12-13 19:50:12.543 D/hardware_info(  649): hw_info_append_hw_type : device_name = speaker
12-13 19:50:12.543 D/audio_hw_primary(  649): disable_snd_device: snd_device(2: speaker)
12-13 19:50:12.543 D/msm8974_platform(  649): platform_split_snd_device: snd_device(2) num devices(0) new_snd_devices(0)
12-13 19:50:12.551 I/soundtrigger(  649): audio_extn_sound_trigger_update_device_status: device 0x2 of type 0 for Event 0, with Raise=0
12-13 19:50:12.551 D/audio_hw_primary(  649): out_standby: exit
12-13 19:50:21.641 I/sensors-hal(  662): batch:161, android.sensor.accelerometer/23, period=200000000, max_latency=0
12-13 19:50:21.641 I/sensors-hal(  662): batch:170, android.sensor.accelerometer/23, period=200000000, max_latency=0 request completed
12-13 19:50:21.642 I/sensors-hal(  662): activate:128, android.sensor.accelerometer/23 en=1
12-13 19:50:21.647 I/sensors-hal(  662): activate:139, android.sensor.accelerometer/23 en=1 completed
12-13 19:50:21.649 I/sensors-hal(  662): batch:161, android.sensor.gyroscope/8, period=200000000, max_latency=0
12-13 19:50:21.650 I/sensors-hal(  662): batch:170, android.sensor.gyroscope/8, period=200000000, max_latency=0 request completed
12-13 19:50:21.650 I/sensors-hal(  662): activate:128, android.sensor.gyroscope/8 en=1
12-13 19:50:21.656 I/sensors-hal(  662): activate:139, android.sensor.gyroscope/8 en=1 completed
12-13 19:50:21.705 W/ActivityManager( 1554): Unable to start service Intent { act=com.google.android.gms.ads.identifier.service.START pkg=com.google.android.gms } U=0: not found
12-13 19:50:21.706 E/ActivityThread( 4052): Failed to find provider info for com.facebook.katana.provider.AttributionIdProvider
12-13 19:50:21.717 W/System.err( 4052): java.net.UnknownHostException: Unable to resolve host "www.facebook.com": No address associated with hostname
12-13 19:50:21.717 W/System.err( 4052): 	at java.net.Inet6AddressImpl.lookupHostByName(Inet6AddressImpl.java:141)
12-13 19:50:21.717 W/System.err( 4052): 	at java.net.Inet6AddressImpl.lookupAllHostAddr(Inet6AddressImpl.java:90)
12-13 19:50:21.717 W/System.err( 4052): 	at java.net.InetAddress.getAllByName(InetAddress.java:787)
12-13 19:50:21.717 W/System.err( 4052): 	at com.android.okhttp.Dns$1.lookup(Dns.java:39)
12-13 19:50:21.717 W/System.err( 4052): 	at com.android.okhttp.internal.http.RouteSelector.resetNextInetSocketAddress(RouteSelector.java:175)
12-13 19:50:21.717 W/System.err( 4052): 	at com.android.okhttp.internal.http.RouteSelector.nextProxy(RouteSelector.java:141)
12-13 19:50:21.718 W/System.err( 4052): 	at com.android.okhttp.internal.http.RouteSelector.next(RouteSelector.java:83)
12-13 19:50:21.718 W/System.err( 4052): 	at com.android.okhttp.internal.http.StreamAllocation.findConnection(StreamAllocation.java:174)
12-13 19:50:21.718 W/System.err( 4052): 	at com.android.okhttp.internal.http.StreamAllocation.findHealthyConnection(StreamAllocation.java:126)
12-13 19:50:21.718 W/System.err( 4052): 	at com.android.okhttp.internal.http.StreamAllocation.newStream(StreamAllocation.java:95)
12-13 19:50:21.718 W/System.err( 4052): 	at com.android.okhttp.internal.http.HttpEngine.connect(HttpEngine.java:281)
12-13 19:50:21.718 W/System.err( 4052): 	at com.android.okhttp.internal.http.HttpEngine.sendRequest(HttpEngine.java:224)
12-13 19:50:21.718 W/System.err( 4052): 	at com.android.okhttp.internal.huc.HttpURLConnectionImpl.execute(HttpURLConnectionImpl.java:461)
12-13 19:50:21.718 W/System.err( 4052): 	at com.android.okhttp.internal.huc.HttpURLConnectionImpl.connect(HttpURLConnectionImpl.java:127)
12-13 19:50:21.718 W/System.err( 4052): 	at com.android.okhttp.internal.huc.DelegatingHttpsURLConnection.connect(DelegatingHttpsURLConnection.java:89)
12-13 19:50:21.718 W/System.err( 4052): 	at com.android.okhttp.internal.huc.HttpsURLConnectionImpl.connect(Unknown Source:0)
12-13 19:50:21.718 W/System.err( 4052): 	at com.facebook.ads.redexgen.X.3v.A01(:5340)
12-13 19:50:21.718 W/System.err( 4052): 	at com.facebook.ads.redexgen.X.3v.A0I(:5515)
12-13 19:50:21.718 W/System.err( 4052): 	at com.facebook.ads.redexgen.X.4p.A00(:6923)
12-13 19:50:21.718 W/System.err( 4052): 	at com.facebook.ads.redexgen.X.4p.doInBackground(:6942)
12-13 19:50:21.718 W/System.err( 4052): 	at android.os.AsyncTask$2.call(AsyncTask.java:333)
12-13 19:50:21.718 W/System.err( 4052): 	at java.util.concurrent.FutureTask.run(FutureTask.java:266)
12-13 19:50:21.718 W/System.err( 4052): 	at java.util.concurrent.ThreadPoolExecutor.runWorker(ThreadPoolExecutor.java:1162)
12-13 19:50:21.718 W/System.err( 4052): 	at java.util.concurrent.ThreadPoolExecutor$Worker.run(ThreadPoolExecutor.java:636)
12-13 19:50:21.718 W/System.err( 4052): 	at java.lang.Thread.run(Thread.java:764)
12-13 19:50:21.718 W/System.err( 4052): Caused by: android.system.GaiException: android_getaddrinfo failed: EAI_NODATA (No address associated with hostname)
12-13 19:50:21.718 W/System.err( 4052): 	at libcore.io.Linux.android_getaddrinfo(Native Method)
12-13 19:50:21.718 W/System.err( 4052): 	at libcore.io.ForwardingOs.android_getaddrinfo(ForwardingOs.java:59)
12-13 19:50:21.718 W/System.err( 4052): 	at java.net.Inet6AddressImpl.lookupHostByName(Inet6AddressImpl.java:122)
12-13 19:50:21.718 W/System.err( 4052): 	... 24 more
12-13 19:50:22.045 I/sensors-hal(  662): activate:128, android.sensor.accelerometer/23 en=0
12-13 19:50:22.046 I/sensors-hal(  662): activate:139, android.sensor.accelerometer/23 en=0 completed
12-13 19:50:22.089 I/sensors-hal(  662): activate:128, android.sensor.gyroscope/8 en=0
12-13 19:50:22.092 I/sensors-hal(  662): activate:139, android.sensor.gyroscope/8 en=0 completed
12-13 19:50:37.960 I/ActivityManager( 1554): START u0 {act=android.intent.action.MAIN cat=[android.intent.category.LAUNCHER] flg=0x10200000 cmp=org.codeaurora.snapcam/com.android.camera.CameraLauncher bnds=[646,698][960,853]} from uid 10017
12-13 19:50:37.960 I/AudioPolicyManagerCustom( 1277): FLAG None hence request for a primary output
12-13 19:50:37.961 I/AudioPolicyManagerCustom( 1277): FLAG None hence request for a primary output
12-13 19:50:37.962 D/audio_hw_primary(  649): start_output_stream: enter: stream(0xec57b800)usecase(1: low-latency-playback) devices(0x2)
12-13 19:50:37.963 D/audio_hw_primary(  649): select_devices for use case (low-latency-playback)
12-13 19:50:37.963 D/audio_hw_primary(  649): select_devices: out_snd_device(2: speaker) in_snd_device(0: )
12-13 19:50:37.963 I/msm8974_platform(  649): platform_check_and_set_codec_backend_cfg:becf: afe: bitwidth 16, samplerate 48000 channels 2, backend_idx 0 usecase = 1 device (speaker)
12-13 19:50:37.963 D/msm8974_platform(  649): platform_split_snd_device: snd_device(2) num devices(1) new_snd_devices(0)
12-13 19:50:37.963 I/msm8974_platform(  649): platform_check_and_set_codec_backend_cfg: new_snd_devices[0] is 2
12-13 19:50:37.963 I/msm8974_platform(  649): platform_check_codec_backend_cfg:becf: afe: bitwidth 16, samplerate 48000 channels 2, backend_idx 0 usecase = 1 device (speaker)
12-13 19:50:37.963 D/msm8974_platform(  649): platform_check_codec_backend_cfg:becf: afe: playback on codec device not supporting native playback set default Sample Rate(48k)
12-13 19:50:37.963 I/msm8974_platform(  649): platform_check_codec_backend_cfg:becf: afe: Codec selected backend: 0 updated bit width: 16 and sample rate: 48000
12-13 19:50:37.963 E/msm8974_platform(  649): platform_check_backends_match: Invalid snd_device = 
12-13 19:50:37.963 I/msm8974_platform(  649): platform_set_codec_backend_cfg:becf: afe: bitwidth 16, samplerate 48000 channels 2 format 1, backend_idx 0 device (speaker)
12-13 19:50:37.963 D/audio_hw_primary(  649): check_usecases_codec_backend:becf: force routing 0
12-13 19:50:37.963 E/msm8974_platform(  649): platform_check_backends_match: Invalid snd_device = 
12-13 19:50:37.963 D/audio_hw_primary(  649): check_usecases_codec_backend:becf: (62) check_usecases curr device: speaker, usecase device: backends match 0
12-13 19:50:37.963 D/audio_hw_primary(  649): check_usecases_codec_backend:becf: check_usecases num.of Usecases to switch 0
12-13 19:50:37.963 D/msm8974_platform(  649): platform_split_snd_device: snd_device(2) num devices(0) new_snd_devices(2)
12-13 19:50:37.963 D/hardware_info(  649): hw_info_append_hw_type : device_name = speaker
12-13 19:50:37.963 D/msm8974_platform(  649): platform_split_snd_device: snd_device(2) num devices(0) new_snd_devices(0)
12-13 19:50:37.963 D/audio_hw_primary(  649): enable_snd_device: snd_device(2: speaker)
12-13 19:50:37.963 I/soundtrigger(  649): audio_extn_sound_trigger_update_device_status: device 0x2 of type 0 for Event 1, with Raise=0
12-13 19:50:37.964 D/audio_route(  649): Apply path: speaker
12-13 19:50:37.968 D/soundtrigger(  649): audio_extn_sound_trigger_update_stream_status: uc_id 1 of type 0 for Event 3, with Raise=0
12-13 19:50:37.968 D/audio_hw_utils(  649): audio_extn_utils_send_app_type_cfg: usecase->out_snd_device speaker
12-13 19:50:37.968 D/msm8974_platform(  649): platform_split_snd_device: snd_device(2) num devices(0) new_snd_devices(0)
12-13 19:50:37.969 D/audio_hw_utils(  649): audio_extn_btsco_get_sample_rate:Not a BT SCO device, need not update sampling rate
12-13 19:50:37.969 I/audio_hw_utils(  649): send_app_type_cfg_for_device PLAYBACK app_type 69937, acdb_dev_id 15, sample_rate 48000, snd_device_be_idx 2
12-13 19:50:37.969 D/msm8974_platform(  649): platform_split_snd_device: snd_device(2) num devices(1) new_snd_devices(0)
12-13 19:50:37.969 D/ACDB-LOADER(  649): ACDB -> send_audio_cal, acdb_id = 15, path = 0, app id = 0x11131, sample rate = 48000
12-13 19:50:37.969 D/ACDB-LOADER(  649): ACDB -> send_asm_topology
12-13 19:50:37.969 D/ACDB-LOADER(  649): ACDB -> ACDB_CMD_GET_AUDPROC_STREAM_TOPOLOGY_ID
12-13 19:50:37.969 D/ACDB-LOADER(  649): ACDB -> send_adm_topology
12-13 19:50:37.969 D/ACDB-LOADER(  649): ACDB -> ACDB_CMD_GET_AUDPROC_COMMON_TOPOLOGY_ID
12-13 19:50:37.969 D/ACDB-LOADER(  649): ACDB -> send_audtable
12-13 19:50:37.969 D/ACDB-LOADER(  649): ACDB -> ACDB_CMD_GET_AUDPROC_COMMON_TABLE_SIZE
12-13 19:50:37.969 D/ACDB-LOADER(  649): ACDB -> ACDB_CMD_GET_AUDPROC_COMMON_TABLE
12-13 19:50:37.969 D/ACDB-LOADER(  649): ACDB -> AUDIO_SET_AUDPROC_CAL
12-13 19:50:37.969 D/ACDB-LOADER(  649): ACDB -> send_audvoltable
12-13 19:50:37.969 D/ACDB-LOADER(  649): ACDB -> ACDB_CMD_GET_AUDPROC_VOL_STEP_TABLE_SIZE
12-13 19:50:37.969 D/ACDB-LOADER(  649): ACDB -> ACDB_CMD_GET_AUDPROC_GAIN_DEP_STEP_TABLE, vol index 0
12-13 19:50:37.969 D/ACDB-LOADER(  649): ACDB -> AUDIO_SET_VOL_CAL cal type = 12
12-13 19:50:37.969 D/ACDB-LOADER(  649): ACDB -> ACDB_CMD_GET_AUDPROC_STREAM_TABLE_SIZE
12-13 19:50:37.969 D/ACDB-LOADER(  649): ACDB -> send_audstrmtable
12-13 19:50:37.969 D/ACDB-LOADER(  649): ACDB -> ACDB_CMD_GET_AUDPROC_STREAM_TABLE_V2
12-13 19:50:37.969 D/ACDB-LOADER(  649): ACDB -> audstrm_cal->cal_type.cal_data.cal_size = 16
12-13 19:50:37.969 D/ACDB-LOADER(  649): ACDB -> send_afe_topology
12-13 19:50:37.969 D/ACDB-LOADER(  649): ACDB -> ACDB_CMD_GET_AFE_TOPOLOGY_ID
12-13 19:50:37.969 D/ACDB-LOADER(  649): ACDB -> GET_AFE_TOPOLOGY_ID for adcd_id 15, Topology Id 1025e
12-13 19:50:37.969 D/ACDB-LOADER(  649): ACDB -> send_afe_cal
12-13 19:50:37.969 D/ACDB-LOADER(  649): ACDB -> ACDB_CMD_GET_AFE_COMMON_TABLE_SIZE
12-13 19:50:37.969 D/ACDB-LOADER(  649): ACDB -> ACDB_CMD_GET_AFE_COMMON_TABLE
12-13 19:50:37.969 D/ACDB-LOADER(  649): ACDB -> AUDIO_SET_AFE_CAL
12-13 19:50:37.969 D/ACDB-LOADER(  649): ACDB -> send_hw_delay : acdb_id = 15 path = 0
12-13 19:50:37.969 D/ACDB-LOADER(  649): ACDB -> ACDB_AVSYNC_INFO: ACDB_CMD_GET_DEVICE_PROPERTY
12-13 19:50:37.969 D/audio_hw_primary(  649): enable_audio_route: apply mixer and update path: low-latency-playback
12-13 19:50:37.969 D/audio_route(  649): Apply path: low-latency-playback
12-13 19:50:37.970 D/audio_hw_primary(  649): select_devices: done
12-13 19:50:37.970 E/ANDR-PERF-JNI( 1554): com_qualcomm_qtiperformance_native_perf_io_prefetch_start
12-13 19:50:37.970 E/ANDR-IOP(  676): IOP HAL: Received pkg_name = org.codeaurora.snapcam pid = -1
12-13 19:50:37.972 D/ActivityTrigger( 1554): activityStartTrigger: Activity is Triggerred in full screen ApplicationInfo{cc56bc5 org.codeaurora.snapcam}
12-13 19:50:37.972 E/ActivityTrigger( 1554): activityStartTrigger: not whiteListedorg.codeaurora.snapcam/com.android.camera.CameraLauncher/202012000
12-13 19:50:37.972 D/CompatibilityInfo( 1554): mCompatibilityFlags - 4
12-13 19:50:37.973 D/CompatibilityInfo( 1554): applicationDensity - 240
12-13 19:50:37.973 D/CompatibilityInfo( 1554): applicationScale - 1.0
12-13 19:50:37.973 D/ActivityTrigger( 1554): activityResumeTrigger: The activity in ApplicationInfo{cc56bc5 org.codeaurora.snapcam} is now in focus and seems to be in full-screen mode
12-13 19:50:37.973 E/ActivityTrigger( 1554): activityResumeTrigger: not whiteListedorg.codeaurora.snapcam/com.android.camera.CameraLauncher/202012000
12-13 19:50:37.973 D/ActivityTrigger( 1554): ActivityTrigger activityPauseTrigger 
12-13 19:50:37.977 D/ActivityTrigger( 1554): activityResumeTrigger: The activity in ApplicationInfo{cc56bc5 org.codeaurora.snapcam} is now in focus and seems to be in full-screen mode
12-13 19:50:37.977 E/ActivityTrigger( 1554): activityResumeTrigger: not whiteListedorg.codeaurora.snapcam/com.android.camera.CameraLauncher/202012000
12-13 19:50:37.984 E/ANDR-IOP(  676): is_in_recent_list is TRUE
12-13 19:50:37.979 W/main    ( 4620): type=1400 audit(0.0:125): avc: denied { create } for name="cgroup.procs" scontext=u:r:zygote:s0 tcontext=u:object_r:cgroup:s0 tclass=file permissive=0
12-13 19:50:37.984 E/ANDR-IOP(  676): io prefetch is deactivate
12-13 19:50:37.988 I/ActivityManager( 1554): Start proc 4620:org.codeaurora.snapcam/u0a25 for activity org.codeaurora.snapcam/com.android.camera.CameraLauncher
12-13 19:50:37.990 D/CompatibilityInfo( 1554): mCompatibilityFlags - 4
12-13 19:50:37.990 D/CompatibilityInfo( 1554): applicationDensity - 240
12-13 19:50:37.990 D/CompatibilityInfo( 1554): applicationScale - 1.0
12-13 19:50:38.009 I/ActivityManager( 1554): Config changes=480 {1.0 ?mcc?mnc [en_US] ldltr sw720dp w720dp h1208dp 240dpi lrg long port -touch -keyb/v/h -nav/h appBounds=Rect(0, 0 - 1080, 1848) s.12}
12-13 19:50:38.020 I/ActivityManager( 1554): Override config changes=480 {1.0 ?mcc?mnc [en_US] ldltr sw720dp w720dp h1208dp 240dpi lrg long port -touch -keyb/v/h -nav/h appBounds=Rect(0, 0 - 1080, 1848) s.12} for displayId=0
12-13 19:50:38.022 D/msm8974_platform(  649): platform_set_channel_map mixer_ctl_name:Playback Channel Map13
12-13 19:50:38.022 D/msm8974_platform(  649): platform_set_channel_map: set mapping(1 2 0 0 0 0 0 0) for channel:2
12-13 19:50:38.023 D/audio_hw_primary(  649): start_output_stream: exit
12-13 19:50:38.030 D/CompatibilityInfo( 1554): mCompatibilityFlags - 4
12-13 19:50:38.030 D/CompatibilityInfo( 1554): applicationDensity - 240
12-13 19:50:38.030 D/CompatibilityInfo( 1554): applicationScale - 1.0
12-13 19:50:38.034 I/InputReader( 1554): Reconfiguring input devices.  changes=0x00000004
12-13 19:50:38.034 I/InputReader( 1554): Device reconfigured: id=4, name='qbt1000_key_input', size 1920x1080, orientation 0, mode 4, display id 0
12-13 19:50:38.035 E/PhoneInterfaceManager( 2084): [PhoneIntfMgr] getTetherApnRequired: no phone for DDS sub
12-13 19:50:38.047 E/zygote64( 4620): Dex checksum does not match for dex: /system/priv-app/SnapdragonCamera/SnapdragonCamera.apk.Expected: 3224087534, actual: 3514269285
12-13 19:50:38.048 E/zygote64( 4620): Dex checksum does not match for dex: /system/priv-app/SnapdragonCamera/SnapdragonCamera.apk.Expected: 3224087534, actual: 3071647282
12-13 19:50:38.057 D/HeadsetStateMachine( 1904): Disconnected process message: 10, size: 0
12-13 19:50:38.057 D/QtiCarrierConfigHelper( 2084): WARNING, no carrier configs on phone Id: 0
12-13 19:50:38.058 D/HeadsetStateMachine( 1904): Enter processIntentBatteryChanged()
12-13 19:50:38.058 D/HeadsetStateMachine( 1904): Exit processIntentBatteryChanged()
12-13 19:50:38.058 D/HeadsetStateMachine( 1904): Exit Disconnected processMessage() 
12-13 19:50:38.119 E/VISHAL  ( 4620):  CameraApp :: onCreate E
12-13 19:50:38.120 D/KeyguardUpdateMonitor( 1945): received broadcast android.intent.action.BATTERY_CHANGED
12-13 19:50:38.125 E/VISHAL  ( 4620): SettingsManager :: SettingsManager E
12-13 19:50:38.131 D/KeyguardUpdateMonitor( 1945): handleBatteryUpdate
12-13 19:50:38.132 D/Wrapper ( 4620): getField:class android.media.CamcorderProfile field:QUALITY_VGA
12-13 19:50:38.132 D/Wrapper ( 4620): getField:class android.media.CamcorderProfile QUALITY_VGA
12-13 19:50:38.132 D/Wrapper ( 4620): getField:class android.media.CamcorderProfile field:QUALITY_4KDCI
12-13 19:50:38.132 D/Wrapper ( 4620): getField:class android.media.CamcorderProfile QUALITY_4KDCI
12-13 19:50:38.132 D/Wrapper ( 4620): getField:class android.media.CamcorderProfile field:QUALITY_TIME_LAPSE_VGA
12-13 19:50:38.132 D/Wrapper ( 4620): getField:class android.media.CamcorderProfile QUALITY_TIME_LAPSE_VGA
12-13 19:50:38.132 D/Wrapper ( 4620): getField:class android.media.CamcorderProfile field:QUALITY_TIME_LAPSE_4KDCI
12-13 19:50:38.132 D/Wrapper ( 4620): getField:class android.media.CamcorderProfile QUALITY_TIME_LAPSE_4KDCI
12-13 19:50:38.132 D/Wrapper ( 4620): getField:class android.media.CamcorderProfile field:QUALITY_HIGH_SPEED_CIF
12-13 19:50:38.132 D/Wrapper ( 4620): getField:class android.media.CamcorderProfile QUALITY_HIGH_SPEED_CIF
12-13 19:50:38.132 D/Wrapper ( 4620): getField:class android.media.CamcorderProfile field:QUALITY_HIGH_SPEED_VGA
12-13 19:50:38.132 D/Wrapper ( 4620): getField:class android.media.CamcorderProfile QUALITY_HIGH_SPEED_VGA
12-13 19:50:38.132 D/Wrapper ( 4620): getField:class android.media.CamcorderProfile field:QUALITY_HIGH_SPEED_4KDCI
12-13 19:50:38.132 D/Wrapper ( 4620): getField:class android.media.CamcorderProfile QUALITY_HIGH_SPEED_4KDCI
12-13 19:50:38.132 D/Wrapper ( 4620): getField:class android.media.CamcorderProfile field:QUALITY_QHD
12-13 19:50:38.132 D/Wrapper ( 4620): getField:class android.media.CamcorderProfile QUALITY_QHD
12-13 19:50:38.132 D/Wrapper ( 4620): getField:class android.media.CamcorderProfile field:QUALITY_2k
12-13 19:50:38.132 D/Wrapper ( 4620): getField:class android.media.CamcorderProfile QUALITY_2k
12-13 19:50:38.132 I/CameraManagerGlobal( 4620): Connecting to camera service
12-13 19:50:38.141 E/VISHAL  ( 4620): CameraApp :: onCreate X
12-13 19:50:38.142 E/ANDR-IOP(  676): IOP HAL: Received pkg_name = org.codeaurora.snapcam pid = 0
12-13 19:50:38.157 E/VISHAL  ( 4620): CmaeraActivity :: OnCreate E
12-13 19:50:38.157 E/VISHAL  ( 4620): getPackageName() :: org.codeaurora.snapcam
12-13 19:50:38.157 D/CAM_Activity( 4620): snapdragoncamera_version: 2.02.012 (eng.shashikala.09c3880.021720_160636-00)
12-13 19:50:38.158 E/VISHAL  ( 4620): action :: android.intent.action.MAIN
12-13 19:50:38.158 E/CAM_Activity( 4620): mSecureCamera :false
12-13 19:50:38.188 D/audio_hw_primary(  649): out_set_parameters: enter: usecase(1: low-latency-playback) kvpairs: suspend_playback=true
12-13 19:50:38.188 D/audio_hw_extn(  649): audio_extn_set_anc_parameters: anc_enabled:0
12-13 19:50:38.188 D/audio_hw_spkr_prot(  649): audio_extn_fbsp_set_parameters: Speaker protection disabled
12-13 19:50:38.210 E/VISHAL  ( 4620): CaptureModule :: init E
12-13 19:50:38.210 E/VISHAL  ( 4620): SetiingsManger :: init E
12-13 19:50:38.210 D/SnapCam_SettingsManager( 4620): SettingsManager init
12-13 19:50:38.210 E/VISHAL  ( 4620): SettingsManger :: getInitialCameraId E
12-13 19:50:38.210 D/SnapCam_SettingsManager( 4620): SWITCH_ID = -1
12-13 19:50:38.213 W/BackupManagerService( 1554): dataChanged but no participant pkg='org.codeaurora.snapcam' uid=10025
12-13 19:50:38.221 D/AndroidRuntime( 4620): Shutting down VM
--------- beginning of crash
12-13 19:50:38.221 E/AndroidRuntime( 4620): FATAL EXCEPTION: main
12-13 19:50:38.221 E/AndroidRuntime( 4620): Process: org.codeaurora.snapcam, PID: 4620
12-13 19:50:38.221 E/AndroidRuntime( 4620): java.lang.RuntimeException: Unable to start activity ComponentInfo{org.codeaurora.snapcam/com.android.camera.CameraActivity}: java.lang.IndexOutOfBoundsException: Index: 0, Size: 0
12-13 19:50:38.221 E/AndroidRuntime( 4620): 	at android.app.ActivityThread.performLaunchActivity(ActivityThread.java:2781)
12-13 19:50:38.221 E/AndroidRuntime( 4620): 	at android.app.ActivityThread.handleLaunchActivity(ActivityThread.java:2859)
12-13 19:50:38.221 E/AndroidRuntime( 4620): 	at android.app.ActivityThread.-wrap11(Unknown Source:0)
12-13 19:50:38.221 E/AndroidRuntime( 4620): 	at android.app.ActivityThread$H.handleMessage(ActivityThread.java:1592)
12-13 19:50:38.221 E/AndroidRuntime( 4620): 	at android.os.Handler.dispatchMessage(Handler.java:106)
12-13 19:50:38.221 E/AndroidRuntime( 4620): 	at android.os.Looper.loop(Looper.java:164)
12-13 19:50:38.221 E/AndroidRuntime( 4620): 	at android.app.ActivityThread.main(ActivityThread.java:6518)
12-13 19:50:38.221 E/AndroidRuntime( 4620): 	at java.lang.reflect.Method.invoke(Native Method)
12-13 19:50:38.221 E/AndroidRuntime( 4620): 	at com.android.internal.os.RuntimeInit$MethodAndArgsCaller.run(RuntimeInit.java:438)
12-13 19:50:38.221 E/AndroidRuntime( 4620): 	at com.android.internal.os.ZygoteInit.main(ZygoteInit.java:807)
12-13 19:50:38.221 E/AndroidRuntime( 4620): Caused by: java.lang.IndexOutOfBoundsException: Index: 0, Size: 0
12-13 19:50:38.221 E/AndroidRuntime( 4620): 	at java.util.ArrayList.get(ArrayList.java:437)
12-13 19:50:38.221 E/AndroidRuntime( 4620): 	at com.android.camera.SettingsManager.getSupportedWhiteBalanceModes(SettingsManager.java:1386)
12-13 19:50:38.221 E/AndroidRuntime( 4620): 	at com.android.camera.SettingsManager.filterPreferences(SettingsManager.java:728)
12-13 19:50:38.221 E/AndroidRuntime( 4620): 	at com.android.camera.SettingsManager.setLocalIdAndInitialize(SettingsManager.java:363)
12-13 19:50:38.221 E/AndroidRuntime( 4620): 	at com.android.camera.SettingsManager.init(SettingsManager.java:335)
12-13 19:50:38.221 E/AndroidRuntime( 4620): 	at com.android.camera.CaptureModule.init(CaptureModule.java:1713)
12-13 19:50:38.221 E/AndroidRuntime( 4620): 	at com.android.camera.CameraActivity.setModuleFromIndex(CameraActivity.java:2201)
12-13 19:50:38.221 E/AndroidRuntime( 4620): 	at com.android.camera.CameraActivity.onCreate(CameraActivity.java:1558)
12-13 19:50:38.221 E/AndroidRuntime( 4620): 	at android.app.Activity.performCreate(Activity.java:7023)
12-13 19:50:38.221 E/AndroidRuntime( 4620): 	at android.app.Activity.performCreate(Activity.java:7014)
12-13 19:50:38.221 E/AndroidRuntime( 4620): 	at android.app.Instrumentation.callActivityOnCreate(Instrumentation.java:1215)
12-13 19:50:38.221 E/AndroidRuntime( 4620): 	at android.app.ActivityThread.performLaunchActivity(ActivityThread.java:2734)
12-13 19:50:38.221 E/AndroidRuntime( 4620): 	... 9 more
12-13 19:50:38.223 W/ActivityManager( 1554):   Force finishing activity org.codeaurora.snapcam/com.android.camera.CameraLauncher
12-13 19:50:38.224 I/WindowManager( 1554): Failed to capture screenshot of Token{f7ec2e6 ActivityRecord{299ad41 u0 org.codeaurora.snapcam/com.android.camera.CameraLauncher t7 f}} appWin=Window{f5c379 u0 Splash Screen org.codeaurora.snapcam} drawState=1
12-13 19:50:38.224 D/ActivityTrigger( 1554): ActivityTrigger activityPauseTrigger 
12-13 19:50:38.226 I/Process ( 4620): Sending signal. PID: 4620 SIG: 9
12-13 19:50:38.232 I/ActivityManager( 1554): Process org.codeaurora.snapcam (pid 4620) has died: fore TOP 
12-13 19:50:38.232 W/zygote64( 1554): kill(-4620, 9) failed: No such process
12-13 19:50:38.232 I/zygote64( 1554): Successfully killed process cgroup uid 10025 pid 4620 in 0ms
12-13 19:50:38.232 E/ANDR-IOP(  676): IOP HAL: Received pkg_name = org.codeaurora.snapcam pid = 0
12-13 19:50:38.242 I/WindowManager( 1554): Screen frozen for +251ms due to Window{f5c379 u0 Splash Screen org.codeaurora.snapcam}
12-13 19:50:38.247 D/ActivityTrigger( 1554): activityResumeTrigger: The activity in ApplicationInfo{edc4fc7 com.android.launcher3} is now in focus and seems to be in full-screen mode
12-13 19:50:38.247 E/ActivityTrigger( 1554): activityResumeTrigger: not whiteListedcom.android.launcher3/com.android.launcher3.Launcher/27
12-13 19:50:38.250 E/ANDR-IOP(  676): UXEngine PHAL: Received back-to-home. Cmd: 4
12-13 19:50:38.250 W/WindowManager( 1554): Failed looking up window callers=com.android.server.wm.WindowManagerService.windowForClientLocked:5830 com.android.server.wm.WindowManagerService.finishDrawingWindow:2347 com.android.server.wm.Session.finishDrawing:275 
12-13 19:50:38.252 W/WindowManager( 1554): Failed looking up window callers=com.android.server.wm.WindowManagerService.windowForClientLocked:5830 com.android.server.wm.WindowManagerService.removeWindow:1722 com.android.server.wm.Session.remove:222 
12-13 19:50:38.281 I/zygote64( 2695): Deoptimizing void com.android.launcher3.ShortcutAndWidgetContainer.measureChild(android.view.View) due to JIT inline cache
12-13 19:50:38.326 E/SchedPolicy( 2695): set_timerslack_ns write failed: Operation not permitted
12-13 19:50:38.663 D/SurfaceFlinger(  694): duplicate layer name: changing ScreenshotSurface to ScreenshotSurface#1
12-13 19:50:38.678 I/InputReader( 1554): Reconfiguring input devices.  changes=0x00000004
12-13 19:50:38.678 I/InputReader( 1554): Device reconfigured: id=4, name='qbt1000_key_input', size 1920x1080, orientation 0, mode 4, display id 0
12-13 19:50:38.326 I/chatty  ( 2695): uid=10017(com.android.launcher3) identical 2 lines
12-13 19:50:38.350 E/SchedPolicy( 2695): set_timerslack_ns write failed: Operation not permitted
12-13 19:50:38.679 I/ActivityManager( 1554): Config changes=480 {1.0 ?mcc?mnc [en_US] ldltr sw720dp w1280dp h648dp 240dpi lrg long land -touch -keyb/v/h -nav/h appBounds=Rect(0, 0 - 1920, 1008) s.13}
12-13 19:50:38.688 I/ActivityManager( 1554): Override config changes=480 {1.0 ?mcc?mnc [en_US] ldltr sw720dp w1280dp h648dp 240dpi lrg long land -touch -keyb/v/h -nav/h appBounds=Rect(0, 0 - 1920, 1008) s.13} for displayId=0
12-13 19:50:38.696 I/InputReader( 1554): Reconfiguring input devices.  changes=0x00000004
12-13 19:50:38.698 E/PhoneInterfaceManager( 2084): [PhoneIntfMgr] getTetherApnRequired: no phone for DDS sub
12-13 19:50:38.734 I/InputReader( 1554): Reconfiguring input devices.  changes=0x00000004
12-13 19:50:38.746 E/SchedPolicy( 2695): set_timerslack_ns write failed: Operation not permitted
12-13 19:50:38.787 W/StatusBar/NavBarView( 1945): *** Invalid layout in navigation bar (sizeChanged this=1920x72 cur=1896x72)
12-13 19:50:38.746 I/chatty  ( 2695): uid=10017(com.android.launcher3) identical 2 lines
12-13 19:50:38.784 E/SchedPolicy( 2695): set_timerslack_ns write failed: Operation not permitted
12-13 19:50:38.795 I/WindowManager( 1554): Screen frozen for +132ms due to Window{361dec3 u0 StatusBar}
12-13 19:50:39.189 D/audio_hw_primary(  649): out_set_parameters: enter: usecase(1: low-latency-playback) kvpairs: suspend_playback=false
12-13 19:50:39.189 D/audio_hw_extn(  649): audio_extn_set_anc_parameters: anc_enabled:0
12-13 19:50:39.189 D/audio_hw_spkr_prot(  649): audio_extn_fbsp_set_parameters: Speaker protection disabled
12-13 19:50:39.215 D/audio_hw_primary(  649): out_set_parameters: enter: usecase(1: low-latency-playback) kvpairs: suspend_playback=true
12-13 19:50:39.215 D/audio_hw_extn(  649): audio_extn_set_anc_parameters: anc_enabled:0
12-13 19:50:39.215 D/audio_hw_spkr_prot(  649): audio_extn_fbsp_set_parameters: Speaker protection disabled
12-13 19:50:39.516 I/VysorMain( 4498): Connection terminated.
12-13 19:50:39.516 I/VysorFactory( 4498): VirtualDisplay released
12-13 19:50:39.516 I/VysorFactory( 4498): factory released
12-13 19:50:39.517 I/StdOutDevice( 4498): Writer done
12-13 19:50:39.518 I/VysorMain( 4498): New video socket accepted.
12-13 19:50:39.519 I/VysorMain( 4498): Got password 2c5746f
12-13 19:50:39.519 I/VysorMain( 4498): Video authentication succeeded
12-13 19:50:39.520 I/StdOutDevice( 4498): Requested Width: 960 Requested Height: 540
12-13 19:50:39.520 I/VysorMain( 4498): registering virtual display
12-13 19:50:39.520 I/StdOutDevice( 4498): OMX.qcom.video.encoder.avc
12-13 19:50:39.520 W/VideoCapabilities( 4498): Unrecognized profile 2130706433 for video/avc
12-13 19:50:39.520 W/VideoCapabilities( 4498): Unrecognized profile 2130706434 for video/avc
12-13 19:50:39.521 I/StdOutDevice( 4498): colorFormat: 2141391878
12-13 19:50:39.521 I/StdOutDevice( 4498): colorFormat: 2141391876
12-13 19:50:39.521 I/StdOutDevice( 4498): colorFormat: 2141391872
12-13 19:50:39.521 I/StdOutDevice( 4498): colorFormat: 2141391881
12-13 19:50:39.521 I/StdOutDevice( 4498): colorFormat: 2141391882
12-13 19:50:39.521 I/StdOutDevice( 4498): colorFormat: 2141391880
12-13 19:50:39.521 I/StdOutDevice( 4498): colorFormat: 2141391879
12-13 19:50:39.521 I/StdOutDevice( 4498): colorFormat: 2130708361
12-13 19:50:39.521 I/StdOutDevice( 4498): colorFormat: 2135033992
12-13 19:50:39.521 I/StdOutDevice( 4498): colorFormat: 21
12-13 19:50:39.521 I/StdOutDevice( 4498): profile/level: 2130706433/65536
12-13 19:50:39.521 I/StdOutDevice( 4498): profile/level: 1/65536
12-13 19:50:39.521 I/StdOutDevice( 4498): profile/level: 2/65536
12-13 19:50:39.521 I/StdOutDevice( 4498): profile/level: 2130706434/65536
12-13 19:50:39.521 I/StdOutDevice( 4498): profile/level: 8/65536
12-13 19:50:39.521 I/StdOutDevice( 4498): OMX.google.h264.encoder
12-13 19:50:39.521 I/StdOutDevice( 4498): colorFormat: 2135033992
12-13 19:50:39.521 I/StdOutDevice( 4498): colorFormat: 19
12-13 19:50:39.521 I/StdOutDevice( 4498): colorFormat: 21
12-13 19:50:39.521 I/StdOutDevice( 4498): colorFormat: 2130708361
12-13 19:50:39.521 I/StdOutDevice( 4498): profile/level: 65536/4096
12-13 19:50:39.521 I/StdOutDevice( 4498): profile/level: 1/4096
12-13 19:50:39.521 I/StdOutDevice( 4498): profile/level: 2/4096
12-13 19:50:39.521 E/StdOutDevice( 4498): Error getting media profiles
12-13 19:50:39.521 E/StdOutDevice( 4498): java.io.FileNotFoundException: /system/etc/media_profiles.xml (No such file or directory)
12-13 19:50:39.521 E/StdOutDevice( 4498): 	at java.io.FileInputStream.open0(Native Method)
12-13 19:50:39.521 E/StdOutDevice( 4498): 	at java.io.FileInputStream.open(FileInputStream.java:200)
12-13 19:50:39.521 E/StdOutDevice( 4498): 	at java.io.FileInputStream.<init>(FileInputStream.java:150)
12-13 19:50:39.521 E/StdOutDevice( 4498): 	at com.koushikdutta.async.util.StreamUtility.readFile(StreamUtility.java:3)
12-13 19:50:39.521 E/StdOutDevice( 4498): 	at com.koushikdutta.async.util.StreamUtility.readFile(StreamUtility.java:1)
12-13 19:50:39.521 E/StdOutDevice( 4498): 	at com.koushikdutta.virtualdisplay.EncoderDevice.createDisplaySurface(EncoderDevice.java:15)
12-13 19:50:39.521 E/StdOutDevice( 4498): 	at com.koushikdutta.virtualdisplay.EncoderDevice.registerVirtualDisplay(EncoderDevice.java:1)
12-13 19:50:39.521 E/StdOutDevice( 4498): 	at com.koushikdutta.vysor.Main.writer(Main.java:11)
12-13 19:50:39.521 E/StdOutDevice( 4498): 	at com.koushikdutta.vysor.Main$18.onAuthenticated(Main.java:4)
12-13 19:50:39.521 E/StdOutDevice( 4498): 	at com.koushikdutta.vysor.Main$18$2.onStringAvailable(Main.java:4)
12-13 19:50:39.521 E/StdOutDevice( 4498): 	at com.koushikdutta.async.LineEmitter.onDataAvailable(LineEmitter.java:6)
12-13 19:50:39.521 E/StdOutDevice( 4498): 	at com.koushikdutta.async.Util.emitAllData(Util.java:2)
12-13 19:50:39.521 E/StdOutDevice( 4498): 	at com.koushikdutta.async.AsyncNetworkSocket.onReadable(AsyncNetworkSocket.java:12)
12-13 19:50:39.521 E/StdOutDevice( 4498): 	at com.koushikdutta.async.AsyncServer.runLoop(AsyncServer.java:26)
12-13 19:50:39.521 E/StdOutDevice( 4498): 	at com.koushikdutta.async.AsyncServer.run(AsyncServer.java:28)
12-13 19:50:39.521 E/StdOutDevice( 4498): 	at com.koushikdutta.async.AsyncServer.access$800(AsyncServer.java:1)
12-13 19:50:39.521 E/StdOutDevice( 4498): 	at com.koushikdutta.async.AsyncServer$8.run(AsyncServer.java:2)
12-13 19:50:39.522 E/StdOutDevice( 4498): Error getting camcorder profiles
12-13 19:50:39.522 E/StdOutDevice( 4498): java.lang.NullPointerException: Attempt to invoke virtual method 'boolean java.lang.String.equals(java.lang.Object)' on a null object reference
12-13 19:50:39.522 E/StdOutDevice( 4498): 	at android.hardware.Camera.getNumberOfCameras(Camera.java:277)
12-13 19:50:39.522 E/StdOutDevice( 4498): 	at android.media.CamcorderProfile.get(CamcorderProfile.java:397)
12-13 19:50:39.522 E/StdOutDevice( 4498): 	at com.koushikdutta.virtualdisplay.EncoderDevice.createDisplaySurface(EncoderDevice.java:29)
12-13 19:50:39.522 E/StdOutDevice( 4498): 	at com.koushikdutta.virtualdisplay.EncoderDevice.registerVirtualDisplay(EncoderDevice.java:1)
12-13 19:50:39.522 E/StdOutDevice( 4498): 	at com.koushikdutta.vysor.Main.writer(Main.java:11)
12-13 19:50:39.522 E/StdOutDevice( 4498): 	at com.koushikdutta.vysor.Main$18.onAuthenticated(Main.java:4)
12-13 19:50:39.522 E/StdOutDevice( 4498): 	at com.koushikdutta.vysor.Main$18$2.onStringAvailable(Main.java:4)
12-13 19:50:39.522 E/StdOutDevice( 4498): 	at com.koushikdutta.async.LineEmitter.onDataAvailable(LineEmitter.java:6)
12-13 19:50:39.522 E/StdOutDevice( 4498): 	at com.koushikdutta.async.Util.emitAllData(Util.java:2)
12-13 19:50:39.522 E/StdOutDevice( 4498): 	at com.koushikdutta.async.AsyncNetworkSocket.onReadable(AsyncNetworkSocket.java:12)
12-13 19:50:39.522 E/StdOutDevice( 4498): 	at com.koushikdutta.async.AsyncServer.runLoop(AsyncServer.java:26)
12-13 19:50:39.522 E/StdOutDevice( 4498): 	at com.koushikdutta.async.AsyncServer.run(AsyncServer.java:28)
12-13 19:50:39.522 E/StdOutDevice( 4498): 	at com.koushikdutta.async.AsyncServer.access$800(AsyncServer.java:1)
12-13 19:50:39.522 E/StdOutDevice( 4498): 	at com.koushikdutta.async.AsyncServer$8.run(AsyncServer.java:2)
12-13 19:50:39.522 E/StdOutDevice( 4498): Error getting camcorder profiles
12-13 19:50:39.522 E/StdOutDevice( 4498): java.lang.NullPointerException: Attempt to invoke virtual method 'boolean java.lang.String.equals(java.lang.Object)' on a null object reference
12-13 19:50:39.522 E/StdOutDevice( 4498): 	at android.hardware.Camera.getNumberOfCameras(Camera.java:277)
12-13 19:50:39.522 E/StdOutDevice( 4498): 	at android.media.CamcorderProfile.get(CamcorderProfile.java:397)
12-13 19:50:39.522 E/StdOutDevice( 4498): 	at com.koushikdutta.virtualdisplay.EncoderDevice.createDisplaySurface(EncoderDevice.java:31)
12-13 19:50:39.522 E/StdOutDevice( 4498): 	at com.koushikdutta.virtualdisplay.EncoderDevice.registerVirtualDisplay(EncoderDevice.java:1)
