12-13 19:50:06.629 I/ActivityManager( 1554): Override config changes=480 {1.0 ?mcc?mnc [en_US] ldltr sw720dp w720dp h1208dp 240dpi lrg long port -touch -keyb/v/h -nav/h appBounds=Rect(0, 0 - 1080, 1848) s.10} for displayId=0
12-13 19:50:06.640 D/CompatibilityInfo( 1554): mCompatibilityFlags - 4
12-13 19:50:06.640 D/CompatibilityInfo( 1554): applicationDensity - 240
12-13 19:50:06.640 D/CompatibilityInfo( 1554): applicationScale - 1.0
12-13 19:50:06.642 D/StatusBar( 1945): disable<e i a s b H R c s q >
12-13 19:50:06.656 E/PhoneInterfaceManager( 2084): [PhoneIntfMgr] getTetherApnRequired: no phone for DDS sub
12-13 19:50:06.669 I/InputReader( 1554): Reconfiguring input devices.  changes=0x00000004
12-13 19:50:06.669 I/InputReader( 1554): Device reconfigured: id=4, name='qbt1000_key_input', size 1920x1080, orientation 0, mode 4, display id 0
12-13 19:50:06.669 D/KeyguardViewMediator( 1945): handleStartKeyguardExitAnimation startTime=569289 fadeoutDuration=0
12-13 19:50:06.670 I/InputReader( 1554): Reconfiguring input devices.  changes=0x00000004
12-13 19:50:06.670 I/AudioPolicyManagerCustom( 1277): FLAG None hence request for a primary output
12-13 19:50:06.670 D/StatusBar( 1945): disable<e i a s b H R c s q >
12-13 19:50:06.671 D/StatusBar( 1945): disable<e i a s b H R c s q >
12-13 19:50:06.671 I/AudioPolicyManagerCustom( 1277): FLAG None hence request for a primary output
12-13 19:50:06.673 W/AudioTrack( 1945): AUDIO_OUTPUT_FLAG_FAST denied, rates do not match 44100 Hz, require 48000 Hz
12-13 19:50:06.674 I/zygote64( 1945): Deoptimizing void com.android.systemui.qs.tileimpl.QSTileImpl.handleRefreshState(java.lang.Object) due to JIT inline cache
12-13 19:50:06.674 D/KeyguardUpdateMonitor( 1945): onKeyguardVisibilityChanged(false)
12-13 19:50:06.675 V/KeyguardDisplayManager( 1945): hide
12-13 19:50:06.675 D/KeyguardViewMediator( 1945): adjustStatusBarLocked: mShowing=false mOccluded=false isSecure=false --> flags=0x0
12-13 19:50:06.676 I/zygote64( 1945): Deoptimizing void com.android.systemui.qs.tileimpl.QSTileImpl.handleStateChanged() due to JIT inline cache
12-13 19:50:06.676 D/audio_hw_primary(  649): start_output_stream: enter: stream(0xec57b800)usecase(1: low-latency-playback) devices(0x2)
12-13 19:50:06.676 D/audio_hw_primary(  649): select_devices for use case (low-latency-playback)
12-13 19:50:06.676 D/audio_hw_primary(  649): select_devices: out_snd_device(2: speaker) in_snd_device(0: )
12-13 19:50:06.676 I/msm8974_platform(  649): platform_check_and_set_codec_backend_cfg:becf: afe: bitwidth 16, samplerate 48000 channels 2, backend_idx 0 usecase = 1 device (speaker)
12-13 19:50:06.676 D/msm8974_platform(  649): platform_split_snd_device: snd_device(2) num devices(1) new_snd_devices(0)
12-13 19:50:06.676 I/msm8974_platform(  649): platform_check_and_set_codec_backend_cfg: new_snd_devices[0] is 2
12-13 19:50:06.676 I/msm8974_platform(  649): platform_check_codec_backend_cfg:becf: afe: bitwidth 16, samplerate 48000 channels 2, backend_idx 0 usecase = 1 device (speaker)
12-13 19:50:06.676 D/msm8974_platform(  649): platform_check_codec_backend_cfg:becf: afe: playback on codec device not supporting native playback set default Sample Rate(48k)
12-13 19:50:06.676 I/msm8974_platform(  649): platform_check_codec_backend_cfg:becf: afe: Codec selected backend: 0 updated bit width: 16 and sample rate: 48000
12-13 19:50:06.676 E/msm8974_platform(  649): platform_check_backends_match: Invalid snd_device = 
12-13 19:50:06.676 I/msm8974_platform(  649): platform_set_codec_backend_cfg:becf: afe: bitwidth 16, samplerate 48000 channels 2 format 1, backend_idx 0 device (speaker)
12-13 19:50:06.676 D/audio_hw_primary(  649): check_usecases_codec_backend:becf: force routing 0
12-13 19:50:06.676 E/msm8974_platform(  649): platform_check_backends_match: Invalid snd_device = 
12-13 19:50:06.676 D/audio_hw_primary(  649): check_usecases_codec_backend:becf: (62) check_usecases curr device: speaker, usecase device: backends match 0
12-13 19:50:06.676 D/audio_hw_primary(  649): check_usecases_codec_backend:becf: check_usecases num.of Usecases to switch 0
12-13 19:50:06.676 D/msm8974_platform(  649): platform_split_snd_device: snd_device(2) num devices(0) new_snd_devices(2)
12-13 19:50:06.676 D/hardware_info(  649): hw_info_append_hw_type : device_name = speaker
12-13 19:50:06.676 D/msm8974_platform(  649): platform_split_snd_device: snd_device(2) num devices(0) new_snd_devices(0)
12-13 19:50:06.676 D/audio_hw_primary(  649): enable_snd_device: snd_device(2: speaker)
12-13 19:50:06.676 I/soundtrigger(  649): audio_extn_sound_trigger_update_device_status: device 0x2 of type 0 for Event 1, with Raise=0
12-13 19:50:06.676 D/audio_route(  649): Apply path: speaker
12-13 19:50:06.679 D/soundtrigger(  649): audio_extn_sound_trigger_update_stream_status: uc_id 1 of type 0 for Event 3, with Raise=0
12-13 19:50:06.679 D/audio_hw_utils(  649): audio_extn_utils_send_app_type_cfg: usecase->out_snd_device speaker
12-13 19:50:06.679 D/msm8974_platform(  649): platform_split_snd_device: snd_device(2) num devices(0) new_snd_devices(0)
12-13 19:50:06.680 D/audio_hw_utils(  649): audio_extn_btsco_get_sample_rate:Not a BT SCO device, need not update sampling rate
12-13 19:50:06.680 I/audio_hw_utils(  649): send_app_type_cfg_for_device PLAYBACK app_type 69937, acdb_dev_id 15, sample_rate 48000, snd_device_be_idx 2
12-13 19:50:06.680 D/msm8974_platform(  649): platform_split_snd_device: snd_device(2) num devices(1) new_snd_devices(0)
12-13 19:50:06.680 D/ACDB-LOADER(  649): ACDB -> send_audio_cal, acdb_id = 15, path = 0, app id = 0x11131, sample rate = 48000
12-13 19:50:06.680 D/ACDB-LOADER(  649): ACDB -> send_asm_topology
12-13 19:50:06.680 D/ACDB-LOADER(  649): ACDB -> ACDB_CMD_GET_AUDPROC_STREAM_TOPOLOGY_ID
12-13 19:50:06.680 D/ACDB-LOADER(  649): ACDB -> send_adm_topology
12-13 19:50:06.680 D/ACDB-LOADER(  649): ACDB -> ACDB_CMD_GET_AUDPROC_COMMON_TOPOLOGY_ID
12-13 19:50:06.680 D/ACDB-LOADER(  649): ACDB -> send_audtable
12-13 19:50:06.680 D/ACDB-LOADER(  649): ACDB -> ACDB_CMD_GET_AUDPROC_COMMON_TABLE_SIZE
12-13 19:50:06.680 D/ACDB-LOADER(  649): ACDB -> ACDB_CMD_GET_AUDPROC_COMMON_TABLE
12-13 19:50:06.680 D/ACDB-LOADER(  649): ACDB -> AUDIO_SET_AUDPROC_CAL
12-13 19:50:06.680 D/ACDB-LOADER(  649): ACDB -> send_audvoltable
12-13 19:50:06.680 D/ACDB-LOADER(  649): ACDB -> ACDB_CMD_GET_AUDPROC_VOL_STEP_TABLE_SIZE
12-13 19:50:06.680 D/ACDB-LOADER(  649): ACDB -> ACDB_CMD_GET_AUDPROC_GAIN_DEP_STEP_TABLE, vol index 0
12-13 19:50:06.680 D/ACDB-LOADER(  649): ACDB -> AUDIO_SET_VOL_CAL cal type = 12
12-13 19:50:06.680 D/ACDB-LOADER(  649): ACDB -> ACDB_CMD_GET_AUDPROC_STREAM_TABLE_SIZE
12-13 19:50:06.680 D/ACDB-LOADER(  649): ACDB -> send_audstrmtable
12-13 19:50:06.680 D/ACDB-LOADER(  649): ACDB -> ACDB_CMD_GET_AUDPROC_STREAM_TABLE_V2
12-13 19:50:06.680 D/ACDB-LOADER(  649): ACDB -> audstrm_cal->cal_type.cal_data.cal_size = 16
12-13 19:50:06.680 D/ACDB-LOADER(  649): ACDB -> send_afe_topology
12-13 19:50:06.680 D/ACDB-LOADER(  649): ACDB -> ACDB_CMD_GET_AFE_TOPOLOGY_ID
12-13 19:50:06.680 D/ACDB-LOADER(  649): ACDB -> GET_AFE_TOPOLOGY_ID for adcd_id 15, Topology Id 1025e
12-13 19:50:06.680 D/ACDB-LOADER(  649): ACDB -> send_afe_cal
12-13 19:50:06.680 D/ACDB-LOADER(  649): ACDB -> ACDB_CMD_GET_AFE_COMMON_TABLE_SIZE
12-13 19:50:06.680 D/ACDB-LOADER(  649): ACDB -> ACDB_CMD_GET_AFE_COMMON_TABLE
12-13 19:50:06.680 D/ACDB-LOADER(  649): ACDB -> AUDIO_SET_AFE_CAL
12-13 19:50:06.680 D/ACDB-LOADER(  649): ACDB -> send_hw_delay : acdb_id = 15 path = 0
12-13 19:50:06.680 D/ACDB-LOADER(  649): ACDB -> ACDB_AVSYNC_INFO: ACDB_CMD_GET_DEVICE_PROPERTY
12-13 19:50:06.680 D/audio_hw_primary(  649): enable_audio_route: apply mixer and update path: low-latency-playback
12-13 19:50:06.680 D/audio_route(  649): Apply path: low-latency-playback
12-13 19:50:06.681 D/audio_hw_primary(  649): select_devices: done
12-13 19:50:06.681 I/sensors-hal(  662): activate:128, android.sensor.proximity/26 en=0
12-13 19:50:06.682 I/sensors-hal(  662): activate:139, android.sensor.proximity/26 en=0 completed
12-13 19:50:06.685 I/QCNEJ/CndHalConnector( 2052): -> SND notifyScreenStateChanged(true)
12-13 19:50:06.686 E/LibSecureUISvc( 2600): svc_sock_send_message(suisvc): invalid remote socket suilst
12-13 19:50:06.689 E/ActivityThread( 4052): Activity com.koushikdutta.vysor.VysorAdActivity has leaked IntentReceiver com.mopub.mobileads.MoPubView$1@96c0436 that was originally registered here. Are you missing a call to unregisterReceiver()?
12-13 19:50:06.689 E/ActivityThread( 4052): android.app.IntentReceiverLeaked: Activity com.koushikdutta.vysor.VysorAdActivity has leaked IntentReceiver com.mopub.mobileads.MoPubView$1@96c0436 that was originally registered here. Are you missing a call to unregisterReceiver()?
12-13 19:50:06.689 E/ActivityThread( 4052): 	at android.app.LoadedApk$ReceiverDispatcher.<init>(LoadedApk.java:1351)
12-13 19:50:06.689 E/ActivityThread( 4052): 	at android.app.LoadedApk.getReceiverDispatcher(LoadedApk.java:1132)
12-13 19:50:06.689 E/ActivityThread( 4052): 	at android.app.ContextImpl.registerReceiverInternal(ContextImpl.java:1421)
12-13 19:50:06.689 E/ActivityThread( 4052): 	at android.app.ContextImpl.registerReceiver(ContextImpl.java:1394)
12-13 19:50:06.689 E/ActivityThread( 4052): 	at android.app.ContextImpl.registerReceiver(ContextImpl.java:1382)
12-13 19:50:06.689 E/ActivityThread( 4052): 	at android.content.ContextWrapper.registerReceiver(ContextWrapper.java:609)
12-13 19:50:06.689 E/ActivityThread( 4052): 	at com.mopub.mobileads.MoPubView.registerScreenStateBroadcastReceiver(MoPubView.java:4)
12-13 19:50:06.689 E/ActivityThread( 4052): 	at com.mopub.mobileads.MoPubView.<init>(MoPubView.java:10)
12-13 19:50:06.689 E/ActivityThread( 4052): 	at java.lang.reflect.Constructor.newInstance0(Native Method)
12-13 19:50:06.689 E/ActivityThread( 4052): 	at java.lang.reflect.Constructor.newInstance(Constructor.java:334)
12-13 19:50:06.689 E/ActivityThread( 4052): 	at android.view.LayoutInflater.createView(LayoutInflater.java:647)
12-13 19:50:06.689 E/ActivityThread( 4052): 	at android.view.LayoutInflater.createViewFromTag(LayoutInflater.java:790)
12-13 19:50:06.689 E/ActivityThread( 4052): 	at android.view.LayoutInflater.createViewFromTag(LayoutInflater.java:730)
12-13 19:50:06.689 E/ActivityThread( 4052): 	at android.view.LayoutInflater.inflate(LayoutInflater.java:492)
12-13 19:50:06.689 E/ActivityThread( 4052): 	at android.view.LayoutInflater.inflate(LayoutInflater.java:423)
12-13 19:50:06.689 E/ActivityThread( 4052): 	at android.view.LayoutInflater.inflate(LayoutInflater.java:374)
12-13 19:50:06.689 E/ActivityThread( 4052): 	at com.koushikdutta.vysor.ads.AdHelper.createMopubView(AdHelper.java:1)
12-13 19:50:06.689 E/ActivityThread( 4052): 	at com.koushikdutta.vysor.ads.AdHelper.createSquareView(AdHelper.java:1)
12-13 19:50:06.689 E/ActivityThread( 4052): 	at com.koushikdutta.vysor.VysorAdActivity.onCreate(VysorAdActivity.java:4)
12-13 19:50:06.689 E/ActivityThread( 4052): 	at android.app.Activity.performCreate(Activity.java:7023)
12-13 19:50:06.689 E/ActivityThread( 4052): 	at android.app.Activity.performCreate(Activity.java:7014)
12-13 19:50:06.689 E/ActivityThread( 4052): 	at android.app.Instrumentation.callActivityOnCreate(Instrumentation.java:1215)
12-13 19:50:06.689 E/ActivityThread( 4052): 	at android.app.ActivityThread.performLaunchActivity(ActivityThread.java:2734)
12-13 19:50:06.689 E/ActivityThread( 4052): 	at android.app.ActivityThread.handleLaunchActivity(ActivityThread.java:2859)
12-13 19:50:06.689 E/ActivityThread( 4052): 	at android.app.ActivityThread.-wrap11(Unknown Source:0)
12-13 19:50:06.689 E/ActivityThread( 4052): 	at android.app.ActivityThread$H.handleMessage(ActivityThread.java:1592)
12-13 19:50:06.689 E/ActivityThread( 4052): 	at android.os.Handler.dispatchMessage(Handler.java:106)
12-13 19:50:06.689 E/ActivityThread( 4052): 	at android.os.Looper.loop(Looper.java:164)
12-13 19:50:06.689 E/ActivityThread( 4052): 	at android.app.ActivityThread.main(ActivityThread.java:6518)
12-13 19:50:06.689 E/ActivityThread( 4052): 	at java.lang.reflect.Method.invoke(Native Method)
12-13 19:50:06.689 E/ActivityThread( 4052): 	at com.android.internal.os.RuntimeInit$MethodAndArgsCaller.run(RuntimeInit.java:438)
12-13 19:50:06.689 E/ActivityThread( 4052): 	at com.android.internal.os.ZygoteInit.main(ZygoteInit.java:807)
12-13 19:50:06.698 I/MoPub   ( 4052): [com.mopub.mobileads.MoPubView][loadAd] Ad attempting to load
12-13 19:50:06.698 I/MoPub   ( 4052): [com.mopub.mobileads.AdViewController][internalLoadAd] SDK Log - Can't load an ad because there is no network connectivity.
12-13 19:50:06.698 I/MoPub   ( 4052): [com.mopub.mobileads.AdViewController][adDidFail] SDK Log - Ad failed to load.
12-13 19:50:06.699 I/MoPub   ( 4052): [com.mopub.mobileads.MoPubView][adFailed] Ad failed to load: (10,000) No internet connection detected.
12-13 19:50:06.699 I/System.out( 4052): onBannerFailed
12-13 19:50:06.720 D/QtiCarrierConfigHelper( 2084): WARNING, no carrier configs on phone Id: 0
12-13 19:50:06.720 D/HeadsetStateMachine( 1904): Disconnected process message: 10, size: 0
12-13 19:50:06.720 D/HeadsetStateMachine( 1904): Enter processIntentBatteryChanged()
12-13 19:50:06.720 D/HeadsetStateMachine( 1904): Exit processIntentBatteryChanged()
12-13 19:50:06.720 D/HeadsetStateMachine( 1904): Exit Disconnected processMessage() 
12-13 19:50:06.734 D/msm8974_platform(  649): platform_set_channel_map mixer_ctl_name:Playback Channel Map13
12-13 19:50:06.735 D/msm8974_platform(  649): platform_set_channel_map: set mapping(1 2 0 0 0 0 0 0) for channel:2
12-13 19:50:06.735 D/audio_hw_primary(  649): start_output_stream: exit
12-13 19:50:06.746 I/zygote64( 1945): Deoptimizing android.view.NotificationHeaderView com.android.systemui.statusbar.ExpandableNotificationRow.getVisibleNotificationHeader() due to JIT inline cache
12-13 19:50:06.746 I/InputReader( 1554): Reconfiguring input devices.  changes=0x00000004
12-13 19:50:06.748 I/zygote64( 1945): Deoptimizing android.view.NotificationHeaderView com.android.systemui.statusbar.NotificationContentView.getVisibleNotificationHeader() due to JIT inline cache
12-13 19:50:06.749 I/zygote64( 1945): Deoptimizing int com.android.systemui.statusbar.stack.NotificationStackScrollLayout$6.compare(com.android.systemui.statusbar.ExpandableView, com.android.systemui.statusbar.ExpandableView) due to JIT inline cache
12-13 19:50:06.769 D/StatusBar( 1945): disable<e i a s b h!r!c s q >
12-13 19:50:06.774 I/zygote64( 1945): Deoptimizing void com.android.systemui.qs.tileimpl.QSTileBaseView.handleStateChanged(com.android.systemui.plugins.qs.QSTile$State) due to JIT inline cache
12-13 19:50:06.778 D/KeyguardUpdateMonitor( 1945): received broadcast android.intent.action.BATTERY_CHANGED
12-13 19:50:06.794 D/KeyguardUpdateMonitor( 1945): handleBatteryUpdate
12-13 19:50:06.799 I/WindowManager( 1554): Screen frozen for +207ms due to Window{52adbb2 u0 NavigationBar}
12-13 19:50:06.832 D/SurfaceFlinger(  694): duplicate layer name: changing BlackSurface to BlackSurface#1
12-13 19:50:06.834 I/chatty  (  694): uid=1000(system) /system/bin/surfaceflinger identical 1 line
12-13 19:50:06.835 D/SurfaceFlinger(  694): duplicate layer name: changing BlackSurface to BlackSurface#1
12-13 19:50:06.958 D/audio_hw_primary(  649): out_set_parameters: enter: usecase(1: low-latency-playback) kvpairs: suspend_playback=true
12-13 19:50:06.958 D/audio_hw_extn(  649): audio_extn_set_anc_parameters: anc_enabled:0
12-13 19:50:06.958 D/audio_hw_spkr_prot(  649): audio_extn_fbsp_set_parameters: Speaker protection disabled
12-13 19:50:06.969 D/audio_hw_primary(  649): out_set_parameters: enter: usecase(1: low-latency-playback) kvpairs: suspend_playback=false
12-13 19:50:06.969 D/audio_hw_extn(  649): audio_extn_set_anc_parameters: anc_enabled:0
12-13 19:50:06.969 D/audio_hw_spkr_prot(  649): audio_extn_fbsp_set_parameters: Speaker protection disabled
12-13 19:50:06.978 D/audio_hw_primary(  649): out_set_parameters: enter: usecase(1: low-latency-playback) kvpairs: suspend_playback=true
12-13 19:50:06.978 D/audio_hw_extn(  649): audio_extn_set_anc_parameters: anc_enabled:0
12-13 19:50:06.978 D/audio_hw_spkr_prot(  649): audio_extn_fbsp_set_parameters: Speaker protection disabled
12-13 19:50:06.989 D/audio_hw_primary(  649): out_set_parameters: enter: usecase(1: low-latency-playback) kvpairs: suspend_playback=false
12-13 19:50:06.989 D/audio_hw_extn(  649): audio_extn_set_anc_parameters: anc_enabled:0
12-13 19:50:06.989 D/audio_hw_spkr_prot(  649): audio_extn_fbsp_set_parameters: Speaker protection disabled
12-13 19:50:06.998 D/audio_hw_primary(  649): out_set_parameters: enter: usecase(1: low-latency-playback) kvpairs: suspend_playback=true
12-13 19:50:06.998 D/audio_hw_extn(  649): audio_extn_set_anc_parameters: anc_enabled:0
12-13 19:50:06.998 D/audio_hw_spkr_prot(  649): audio_extn_fbsp_set_parameters: Speaker protection disabled
12-13 19:50:07.009 D/audio_hw_primary(  649): out_set_parameters: enter: usecase(1: low-latency-playback) kvpairs: suspend_playback=false
12-13 19:50:07.009 D/audio_hw_extn(  649): audio_extn_set_anc_parameters: anc_enabled:0
12-13 19:50:07.009 D/audio_hw_spkr_prot(  649): audio_extn_fbsp_set_parameters: Speaker protection disabled
12-13 19:50:07.022 D/audio_hw_primary(  649): out_set_parameters: enter: usecase(1: low-latency-playback) kvpairs: suspend_playback=true
12-13 19:50:07.022 D/audio_hw_extn(  649): audio_extn_set_anc_parameters: anc_enabled:0
12-13 19:50:07.022 D/audio_hw_spkr_prot(  649): audio_extn_fbsp_set_parameters: Speaker protection disabled
12-13 19:50:07.207 I/MoPub   ( 4052): [com.mopub.mobileads.MoPubInterstitial][load] Ad attempting to load
12-13 19:50:07.208 I/MoPub   ( 4052): [com.mopub.mobileads.MoPubView][loadAd] Ad attempting to load
12-13 19:50:07.210 I/MoPub   ( 4052): [com.mopub.mobileads.AdViewController][internalLoadAd] SDK Log - Can't load an ad because there is no network connectivity.
12-13 19:50:07.210 I/MoPub   ( 4052): [com.mopub.mobileads.AdViewController][adDidFail] SDK Log - Ad failed to load.
12-13 19:50:08.023 D/audio_hw_primary(  649): out_set_parameters: enter: usecase(1: low-latency-playback) kvpairs: suspend_playback=false
12-13 19:50:08.024 D/audio_hw_extn(  649): audio_extn_set_anc_parameters: anc_enabled:0
12-13 19:50:08.024 D/audio_hw_spkr_prot(  649): audio_extn_fbsp_set_parameters: Speaker protection disabled
12-13 19:50:08.048 D/audio_hw_primary(  649): out_set_parameters: enter: usecase(1: low-latency-playback) kvpairs: suspend_playback=true
12-13 19:50:08.048 D/audio_hw_extn(  649): audio_extn_set_anc_parameters: anc_enabled:0
12-13 19:50:08.048 D/audio_hw_spkr_prot(  649): audio_extn_fbsp_set_parameters: Speaker protection disabled
12-13 19:50:08.177 I/VysorMain( 4498): Connection terminated.
12-13 19:50:08.179 I/VysorFactory( 4498): VirtualDisplay released
12-13 19:50:08.181 I/VysorFactory( 4498): factory released
12-13 19:50:08.183 I/VysorMain( 4498): New video socket accepted.
12-13 19:50:08.185 I/VysorMain( 4498): Got password 2c5746f
12-13 19:50:08.185 I/VysorMain( 4498): Video authentication succeeded
12-13 19:50:08.186 W/GraphicBufferSource( 1289): released unpopulated slots: [2, 3, 4, 5, 6, 7, 8, 9, 10, 11, 12, 13, 14, 15, 16, 17, 18, 19, 20, 21, 22, 23, 24, 25, 26, 27, 28, 29, 30, 31, 32, 33, 34, 35, 36, 37, 38, 39, 40, 41, 42, 43, 44, 45, 46, 47, 48, 49, 50, 51, 52, 53, 54, 55, 56, 57, 58, 59, 60, 61, 62, 63]
12-13 19:50:08.187 I/StdOutDevice( 4498): Writer done
12-13 19:50:08.193 I/StdOutDevice( 4498): Requested Width: 540 Requested Height: 960
12-13 19:50:08.193 I/VysorMain( 4498): registering virtual display
12-13 19:50:08.194 I/StdOutDevice( 4498): OMX.qcom.video.encoder.avc
12-13 19:50:08.194 W/VideoCapabilities( 4498): Unrecognized profile 2130706433 for video/avc
12-13 19:50:08.194 W/VideoCapabilities( 4498): Unrecognized profile 2130706434 for video/avc
12-13 19:50:08.197 I/StdOutDevice( 4498): colorFormat: 2141391878
12-13 19:50:08.197 I/StdOutDevice( 4498): colorFormat: 2141391876
12-13 19:50:08.197 I/StdOutDevice( 4498): colorFormat: 2141391872
12-13 19:50:08.197 I/StdOutDevice( 4498): colorFormat: 2141391881
12-13 19:50:08.197 I/StdOutDevice( 4498): colorFormat: 2141391882
12-13 19:50:08.197 I/StdOutDevice( 4498): colorFormat: 2141391880
12-13 19:50:08.198 I/StdOutDevice( 4498): colorFormat: 2141391879
12-13 19:50:08.198 I/StdOutDevice( 4498): colorFormat: 2130708361
12-13 19:50:08.198 I/StdOutDevice( 4498): colorFormat: 2135033992
12-13 19:50:08.198 I/StdOutDevice( 4498): colorFormat: 21
12-13 19:50:08.198 I/StdOutDevice( 4498): profile/level: 2130706433/65536
12-13 19:50:08.198 I/StdOutDevice( 4498): profile/level: 1/65536
12-13 19:50:08.198 I/StdOutDevice( 4498): profile/level: 2/65536
12-13 19:50:08.199 I/StdOutDevice( 4498): profile/level: 2130706434/65536
12-13 19:50:08.199 I/StdOutDevice( 4498): profile/level: 8/65536
12-13 19:50:08.199 I/StdOutDevice( 4498): OMX.google.h264.encoder
12-13 19:50:08.201 I/StdOutDevice( 4498): colorFormat: 2135033992
12-13 19:50:08.201 I/StdOutDevice( 4498): colorFormat: 19
12-13 19:50:08.201 I/StdOutDevice( 4498): colorFormat: 21
12-13 19:50:08.201 I/StdOutDevice( 4498): colorFormat: 2130708361
12-13 19:50:08.202 I/StdOutDevice( 4498): profile/level: 65536/4096
12-13 19:50:08.202 I/StdOutDevice( 4498): profile/level: 1/4096
12-13 19:50:08.202 I/StdOutDevice( 4498): profile/level: 2/4096
12-13 19:50:08.204 E/StdOutDevice( 4498): Error getting media profiles
12-13 19:50:08.204 E/StdOutDevice( 4498): java.io.FileNotFoundException: /system/etc/media_profiles.xml (No such file or directory)
12-13 19:50:08.204 E/StdOutDevice( 4498): 	at java.io.FileInputStream.open0(Native Method)
12-13 19:50:08.204 E/StdOutDevice( 4498): 	at java.io.FileInputStream.open(FileInputStream.java:200)
12-13 19:50:08.204 E/StdOutDevice( 4498): 	at java.io.FileInputStream.<init>(FileInputStream.java:150)
12-13 19:50:08.204 E/StdOutDevice( 4498): 	at com.koushikdutta.async.util.StreamUtility.readFile(StreamUtility.java:3)
12-13 19:50:08.204 E/StdOutDevice( 4498): 	at com.koushikdutta.async.util.StreamUtility.readFile(StreamUtility.java:1)
12-13 19:50:08.204 E/StdOutDevice( 4498): 	at com.koushikdutta.virtualdisplay.EncoderDevice.createDisplaySurface(EncoderDevice.java:15)
12-13 19:50:08.204 E/StdOutDevice( 4498): 	at com.koushikdutta.virtualdisplay.EncoderDevice.registerVirtualDisplay(EncoderDevice.java:1)
12-13 19:50:08.204 E/StdOutDevice( 4498): 	at com.koushikdutta.vysor.Main.writer(Main.java:11)
12-13 19:50:08.204 E/StdOutDevice( 4498): 	at com.koushikdutta.vysor.Main$18.onAuthenticated(Main.java:4)
12-13 19:50:08.204 E/StdOutDevice( 4498): 	at com.koushikdutta.vysor.Main$18$2.onStringAvailable(Main.java:4)
12-13 19:50:08.204 E/StdOutDevice( 4498): 	at com.koushikdutta.async.LineEmitter.onDataAvailable(LineEmitter.java:6)
12-13 19:50:08.204 E/StdOutDevice( 4498): 	at com.koushikdutta.async.Util.emitAllData(Util.java:2)
12-13 19:50:08.204 E/StdOutDevice( 4498): 	at com.koushikdutta.async.AsyncNetworkSocket.onReadable(AsyncNetworkSocket.java:12)
12-13 19:50:08.204 E/StdOutDevice( 4498): 	at com.koushikdutta.async.AsyncServer.runLoop(AsyncServer.java:26)
12-13 19:50:08.204 E/StdOutDevice( 4498): 	at com.koushikdutta.async.AsyncServer.run(AsyncServer.java:28)
12-13 19:50:08.204 E/StdOutDevice( 4498): 	at com.koushikdutta.async.AsyncServer.access$800(AsyncServer.java:1)
12-13 19:50:08.204 E/StdOutDevice( 4498): 	at com.koushikdutta.async.AsyncServer$8.run(AsyncServer.java:2)
12-13 19:50:08.205 E/StdOutDevice( 4498): Error getting camcorder profiles
12-13 19:50:08.205 E/StdOutDevice( 4498): java.lang.NullPointerException: Attempt to invoke virtual method 'boolean java.lang.String.equals(java.lang.Object)' on a null object reference
12-13 19:50:08.205 E/StdOutDevice( 4498): 	at android.hardware.Camera.getNumberOfCameras(Camera.java:277)
12-13 19:50:08.205 E/StdOutDevice( 4498): 	at android.media.CamcorderProfile.get(CamcorderProfile.java:397)
12-13 19:50:08.205 E/StdOutDevice( 4498): 	at com.koushikdutta.virtualdisplay.EncoderDevice.createDisplaySurface(EncoderDevice.java:29)
12-13 19:50:08.205 E/StdOutDevice( 4498): 	at com.koushikdutta.virtualdisplay.EncoderDevice.registerVirtualDisplay(EncoderDevice.java:1)
12-13 19:50:08.205 E/StdOutDevice( 4498): 	at com.koushikdutta.vysor.Main.writer(Main.java:11)
12-13 19:50:08.205 E/StdOutDevice( 4498): 	at com.koushikdutta.vysor.Main$18.onAuthenticated(Main.java:4)
12-13 19:50:08.205 E/StdOutDevice( 4498): 	at com.koushikdutta.vysor.Main$18$2.onStringAvailable(Main.java:4)
12-13 19:50:08.205 E/StdOutDevice( 4498): 	at com.koushikdutta.async.LineEmitter.onDataAvailable(LineEmitter.java:6)
12-13 19:50:08.205 E/StdOutDevice( 4498): 	at com.koushikdutta.async.Util.emitAllData(Util.java:2)
12-13 19:50:08.205 E/StdOutDevice( 4498): 	at com.koushikdutta.async.AsyncNetworkSocket.onReadable(AsyncNetworkSocket.java:12)
12-13 19:50:08.205 E/StdOutDevice( 4498): 	at com.koushikdutta.async.AsyncServer.runLoop(AsyncServer.java:26)
12-13 19:50:08.205 E/StdOutDevice( 4498): 	at com.koushikdutta.async.AsyncServer.run(AsyncServer.java:28)
12-13 19:50:08.205 E/StdOutDevice( 4498): 	at com.koushikdutta.async.AsyncServer.access$800(AsyncServer.java:1)
12-13 19:50:08.205 E/StdOutDevice( 4498): 	at com.koushikdutta.async.AsyncServer$8.run(AsyncServer.java:2)
12-13 19:50:08.205 E/StdOutDevice( 4498): Error getting camcorder profiles
12-13 19:50:08.205 E/StdOutDevice( 4498): java.lang.NullPointerException: Attempt to invoke virtual method 'boolean java.lang.String.equals(java.lang.Object)' on a null object reference
12-13 19:50:08.205 E/StdOutDevice( 4498): 	at android.hardware.Camera.getNumberOfCameras(Camera.java:277)
12-13 19:50:08.205 E/StdOutDevice( 4498): 	at android.media.CamcorderProfile.get(CamcorderProfile.java:397)
12-13 19:50:08.205 E/StdOutDevice( 4498): 	at com.koushikdutta.virtualdisplay.EncoderDevice.createDisplaySurface(EncoderDevice.java:31)
12-13 19:50:08.205 E/StdOutDevice( 4498): 	at com.koushikdutta.virtualdisplay.EncoderDevice.registerVirtualDisplay(EncoderDevice.java:1)
12-13 19:50:08.205 E/StdOutDevice( 4498): 	at com.koushikdutta.vysor.Main.writer(Main.java:11)
12-13 19:50:08.205 E/StdOutDevice( 4498): 	at com.koushikdutta.vysor.Main$18.onAuthenticated(Main.java:4)
12-13 19:50:08.205 E/StdOutDevice( 4498): 	at com.koushikdutta.vysor.Main$18$2.onStringAvailable(Main.java:4)
12-13 19:50:08.205 E/StdOutDevice( 4498): 	at com.koushikdutta.async.LineEmitter.onDataAvailable(LineEmitter.java:6)
12-13 19:50:08.205 E/StdOutDevice( 4498): 	at com.koushikdutta.async.Util.emitAllData(Util.java:2)
12-13 19:50:08.205 E/StdOutDevice( 4498): 	at com.koushikdutta.async.AsyncNetworkSocket.onReadable(AsyncNetworkSocket.java:12)
12-13 19:50:08.205 E/StdOutDevice( 4498): 	at com.koushikdutta.async.AsyncServer.runLoop(AsyncServer.java:26)
12-13 19:50:08.205 E/StdOutDevice( 4498): 	at com.koushikdutta.async.AsyncServer.run(AsyncServer.java:28)
12-13 19:50:08.205 E/StdOutDevice( 4498): 	at com.koushikdutta.async.AsyncServer.access$800(AsyncServer.java:1)
12-13 19:50:08.205 E/StdOutDevice( 4498): 	at com.koushikdutta.async.AsyncServer$8.run(AsyncServer.java:2)
12-13 19:50:08.205 I/StdOutDevice( 4498): Width: 352 Height: 640
12-13 19:50:08.205 I/StdOutDevice( 4498): Bitrate: 500000
12-13 19:50:08.205 I/StdOutDevice( 4498): Frame rate: 30
12-13 19:50:08.206 I/StdOutDevice( 4498): Creating encoder
12-13 19:50:08.211 I/OMXClient( 4498): Treble IOmx obtained
12-13 19:50:08.211 I/OMXMaster( 1289): makeComponentInstance(OMX.qcom.video.encoder.avc) in omx@1.0-service process
12-13 19:50:08.214 I/OMX-VENC( 1289): Video encode perflock acquired,handle=41
12-13 19:50:08.218 I/OMX-VENC( 1289): Component_init : OMX.qcom.video.encoder.avc : return = 0x0
12-13 19:50:08.219 I/StdOutDevice( 4498): Created encoder
12-13 19:50:08.219 I/StdOutDevice( 4498): Configuring encoder
12-13 19:50:08.220 E/OMX-VENC( 1289): Enable/Disable allocate-native-handle allowed only in secure session
12-13 19:50:08.220 E/OMXNodeInstance( 1289): setParameter(0xf024ee04:qcom.encoder.avc, OMX.google.android.index.allocateNativeHandle(0x7f00005d): Output:1 en=0) ERROR: UnsupportedSetting(0x80001019)
12-13 19:50:08.220 E/OMX-VENC( 1289): set_parameter: metamode is valid for input port only
12-13 19:50:08.220 W/OMXNodeInstance( 1289): [0xf024ee04:qcom.encoder.avc] component does not support metadata mode; using fallback
12-13 19:50:08.221 I/ExtendedACodec( 4498): setupVideoEncoder()
12-13 19:50:08.221 W/OMXUtils( 4498): do not know color format 0x7fa30c06 = 2141391878
12-13 19:50:08.222 W/OMXUtils( 4498): do not know color format 0x7fa30c04 = 2141391876
12-13 19:50:08.222 W/OMXUtils( 4498): do not know color format 0x7fa30c00 = 2141391872
12-13 19:50:08.222 E/OMX-VENC: venc_dev( 1289): async_venc_message_thread interrupted to be exited
12-13 19:50:08.223 W/OMXUtils( 4498): do not know color format 0x7fa30c09 = 2141391881
12-13 19:50:08.223 W/OMXUtils( 4498): do not know color format 0x7fa30c0a = 2141391882
12-13 19:50:08.224 W/OMXUtils( 4498): do not know color format 0x7fa30c08 = 2141391880
12-13 19:50:08.224 I/OMX-VENC( 1289): Component Deinit
12-13 19:50:08.224 W/OMXUtils( 4498): do not know color format 0x7fa30c07 = 2141391879
12-13 19:50:08.224 I/OMX-VENC( 1289): Video encode perflock released
12-13 19:50:08.225 W/OMXUtils( 4498): do not know color format 0x7f000789 = 2130708361
12-13 19:50:08.226 E/OMX-VENC: venc_dev( 1289): Unsupported eColorFormat 0x7f000789
12-13 19:50:08.232 I/StdOutDevice( 4498): =======ENCODING COMPELTE=======
12-13 19:50:08.232 I/ACodec  ( 4498): setupAVCEncoderParameters with [profile: Baseline] [level: Level1]
12-13 19:50:08.233 E/OMX-VENC( 1289): Failed to update the profile_level
12-13 19:50:08.234 I/ACodec  ( 4498): [OMX.qcom.video.encoder.avc] cannot encode HDR static metadata. Ignoring.
12-13 19:50:08.234 I/ACodec  ( 4498): setupVideoEncoder succeeded
12-13 19:50:08.234 I/ExtendedACodec( 4498): [OMX.qcom.video.encoder.avc] configure, AMessage : AMessage(what = 'conf', target = 4) = {
12-13 19:50:08.234 I/ExtendedACodec( 4498):   int32_t color-format = 2130708361
12-13 19:50:08.234 I/ExtendedACodec( 4498):   int32_t i-frame-interval = 30
12-13 19:50:08.234 I/ExtendedACodec( 4498):   string mime = "video/avc"
12-13 19:50:08.234 I/ExtendedACodec( 4498):   int32_t width = 352
12-13 19:50:08.234 I/ExtendedACodec( 4498):   int32_t bitrate = 500000
12-13 19:50:08.234 I/ExtendedACodec( 4498):   int32_t frame-rate = 30
12-13 19:50:08.234 I/ExtendedACodec( 4498):   int32_t height = 640
12-13 19:50:08.234 I/ExtendedACodec( 4498):   int64_t repeat-previous-frame-after = 33000
12-13 19:50:08.234 I/ExtendedACodec( 4498):   int32_t encoder = 1
12-13 19:50:08.234 I/ExtendedACodec( 4498): }
12-13 19:50:08.235 W/OMXUtils( 4498): do not know color format 0x7f000789 = 2130708361
12-13 19:50:08.235 E/OMX-VENC( 1289): ERROR: unsupported index 1870659589
12-13 19:50:08.235 E/OMXNodeInstance( 1289): getConfig(0xf024ee04:qcom.encoder.avc, ConfigLatency(0x6f800005)) ERROR: UnsupportedIndex(0x8000101a)
12-13 19:50:08.243 I/StdOutDevice( 4498): Creating input surface
12-13 19:50:08.244 E/OMX-VENC( 1289): Does not handle dataspace request
12-13 19:50:08.244 E/OMXNodeInstance( 1289): getConfig(0xf024ee04:qcom.encoder.avc, ??(0x7f000062)) ERROR: UnsupportedSetting(0x80001019)
12-13 19:50:08.245 E/OMXNodeInstance( 1289): getParameter(0xf024ee04:qcom.encoder.avc, ParamConsumerUsageBits(0x6f800004)) ERROR: UnsupportedIndex(0x8000101a)
12-13 19:50:08.245 D/GraphicBufferSource( 1289): setting dataspace: 0x103, acquired=0
12-13 19:50:08.245 E/OMXNodeInstance( 1289): getParameter(0xf024ee04:qcom.encoder.avc, ParamConsumerUsageBits(0x6f800004)) ERROR: UnsupportedIndex(0x8000101a)
12-13 19:50:08.245 D/GraphicBufferSource( 1289): requesting color aspects (R:2(Limited), P:4(BT601_6_525), M:3(BT601_6), T:3(SMPTE170M))
12-13 19:50:08.246 I/StdOutDevice( 4498): Starting Encoder
12-13 19:50:08.248 W//system/bin/hw/android.hidl.allocator@1.0-service(  648): ashmem_create_region(8) returning hidl_memory(0x7245e2b470, 8)
12-13 19:50:08.251 I/chatty  (  648): uid=1000(system) allocator@1.0-s identical 7 lines
12-13 19:50:08.252 W//system/bin/hw/android.hidl.allocator@1.0-service(  648): ashmem_create_region(8) returning hidl_memory(0x7245e2b470, 8)
12-13 19:50:08.253 W//system/bin/hw/android.hidl.allocator@1.0-service(  648): ashmem_create_region(225280) returning hidl_memory(0x7245e2b470, 225280)
12-13 19:50:08.256 I/chatty  (  648): uid=1000(system) allocator@1.0-s identical 4 lines
12-13 19:50:08.256 W//system/bin/hw/android.hidl.allocator@1.0-service(  648): ashmem_create_region(225280) returning hidl_memory(0x7245e2b470, 225280)
12-13 19:50:08.258 I/StdOutDevice( 4498): Surface ready
12-13 19:50:08.258 I/StdOutDevice( 4498): Encoder ready
12-13 19:50:08.258 E/StdOutDevice( 4498): Created surface
12-13 19:50:08.258 I/StdOutDevice( 4498): Writer started.
12-13 19:50:08.261 E/        (  694): HpInterface: Wrong interface type.
12-13 19:50:08.249 W/Binder:694_2(  694): type=1400 audit(0.0:123): avc: denied { call } for scontext=u:r:surfaceflinger:s0 tcontext=u:r:mediacodec:s0 tclass=binder permissive=0
12-13 19:50:08.273 E/FrameEvents(  694): Source mDeltas not empty.
12-13 19:50:08.273 E/FrameEvents(  694): Source mDeltas not empty.
12-13 19:50:08.273 W/GraphicBufferSource( 1289): released unpopulated slots: [0, 1, 2, 3, 4, 5, 6, 7, 8, 9, 10, 11, 12, 13, 14, 15, 16, 17, 18, 19, 20, 21, 22, 23, 24, 25, 26, 27, 28, 29, 30, 31, 32, 33, 34, 35, 36, 37, 38, 39, 40, 41, 42, 43, 44, 45, 46, 47, 48, 49, 50, 51, 52, 53, 54, 55, 56, 57, 58, 59, 60, 61, 62, 63]
12-13 19:50:08.277 I/VysorMain( 4498): virtual display registered
12-13 19:50:08.282 D/GraphicBufferSource( 1289): got buffer with new dataSpace #103
12-13 19:50:08.283 I/OMX-VENC( 1289): get_config (dataspace changed): ColorSpace: Recommend 601 for RGBA8888
12-13 19:50:08.283 D/OMXNodeInstance( 1289): Codec resolved it to (R:2(??), P:3(??), M:3(??), T:3(??)) err=0(NO_ERROR)
12-13 19:50:08.283 E/OMXNodeInstance( 1289): setConfig(0xf024ee04:qcom.encoder.avc, ??(0x7f000062)) ERROR: UnsupportedSetting(0x80001019)
12-13 19:50:08.284 D/ACodec  ( 4498): dataspace changed to 0x10c40000 (R:2(Limited), P:3(BT601_6_625), M:3(BT601_6), T:3(SMPTE170M)) (R:2(Limited), S:4(BT601_525), T:3(SMPTE_170M))
12-13 19:50:08.285 W/C2DColorConvert( 1289): calcYSize: Format not supported , 6
12-13 19:50:08.297 I/StdOutDevice( 4498): MediaCodec.INFO_OUTPUT_FORMAT_CHANGED
12-13 19:50:08.298 I/StdOutDevice( 4498): output width: 352
12-13 19:50:08.298 I/StdOutDevice( 4498): output height: 640
12-13 19:50:08.298 I/StdOutDevice( 4498): Got first buffer
12-13 19:50:08.304 I/StdOutDevice( 4498): Bitrate: 500000
12-13 19:50:08.944 I/zygote64( 1554): Explicit concurrent copying GC freed 20694(1537KB) AllocSpace objects, 0(0B) LOS objects, 42% free, 6MB/12MB, paused 260us total 104.478ms
12-13 19:50:09.049 D/audio_hw_primary(  649): out_set_parameters: enter: usecase(1: low-latency-playback) kvpairs: suspend_playback=false
12-13 19:50:09.049 D/audio_hw_extn(  649): audio_extn_set_anc_parameters: anc_enabled:0
12-13 19:50:09.049 D/audio_hw_spkr_prot(  649): audio_extn_fbsp_set_parameters: Speaker protection disabled
12-13 19:50:09.077 D/audio_hw_primary(  649): out_set_parameters: enter: usecase(1: low-latency-playback) kvpairs: suspend_playback=true
12-13 19:50:09.077 D/audio_hw_extn(  649): audio_extn_set_anc_parameters: anc_enabled:0
12-13 19:50:09.077 D/audio_hw_spkr_prot(  649): audio_extn_fbsp_set_parameters: Speaker protection disabled
12-13 19:50:09.251 I/AudioPolicyManagerCustom( 1277): FLAG None hence request for a primary output
12-13 19:50:09.252 I/AudioPolicyManagerCustom( 1277): FLAG None hence request for a primary output
12-13 19:50:09.254 D/audio_hw_primary(  649): out_set_parameters: enter: usecase(1: low-latency-playback) kvpairs: suspend_playback=false
12-13 19:50:09.255 D/audio_hw_extn(  649): audio_extn_set_anc_parameters: anc_enabled:0
12-13 19:50:09.255 D/audio_hw_spkr_prot(  649): audio_extn_fbsp_set_parameters: Speaker protection disabled
12-13 19:50:09.319 D/AutofillManagerService( 1554): onBackKeyPressed()
12-13 19:50:09.323 D/ActivityTrigger( 1554): ActivityTrigger activityPauseTrigger 
12-13 19:50:09.328 D/ActivityTrigger( 1554): activityResumeTrigger: The activity in ApplicationInfo{edc4fc7 com.android.launcher3} is now in focus and seems to be in full-screen mode
12-13 19:50:09.328 E/ActivityTrigger( 1554): activityResumeTrigger: not whiteListedcom.android.launcher3/com.android.launcher3.Launcher/27
12-13 19:50:09.355 I/ActivityManager( 1554): Config changes=480 {1.0 ?mcc?mnc [en_US] ldltr sw720dp w1280dp h648dp 240dpi lrg long land -touch -keyb/v/h -nav/h appBounds=Rect(0, 0 - 1920, 1008) s.11}
12-13 19:50:09.371 I/ActivityManager( 1554): Override config changes=480 {1.0 ?mcc?mnc [en_US] ldltr sw720dp w1280dp h648dp 240dpi lrg long land -touch -keyb/v/h -nav/h appBounds=Rect(0, 0 - 1920, 1008) s.11} for displayId=0
12-13 19:50:09.388 W/GraphicBufferSource( 1289): Dropping frame that's going backward in time
12-13 19:50:09.389 E/ANDR-IOP(  676): UXEngine PHAL: Received back-to-home. Cmd: 4
12-13 19:50:09.395 E/PhoneInterfaceManager( 2084): [PhoneIntfMgr] getTetherApnRequired: no phone for DDS sub
12-13 19:50:09.399 I/InputReader( 1554): Reconfiguring input devices.  changes=0x00000004
12-13 19:50:09.399 I/InputReader( 1554): Device reconfigured: id=4, name='qbt1000_key_input', size 1920x1080, orientation 0, mode 4, display id 0
12-13 19:50:09.432 D/audio_hw_primary(  649): out_set_parameters: enter: usecase(1: low-latency-playback) kvpairs: suspend_playback=true
12-13 19:50:09.432 D/audio_hw_extn(  649): audio_extn_set_anc_parameters: anc_enabled:0
12-13 19:50:09.432 D/audio_hw_spkr_prot(  649): audio_extn_fbsp_set_parameters: Speaker protection disabled
12-13 19:50:09.467 I/MoPub   ( 4052): [com.mopub.mobileads.AdViewController][setAutoRefreshStatus] SDK Log - Refresh disabled for ad unit (831dfc6dd100490c8ddf5b3c6ec49499).
12-13 19:50:09.471 E/ActivityThread( 4052): Activity com.koushikdutta.vysor.VysorAdActivity has leaked IntentReceiver com.mopub.mobileads.MoPubView$1@5d6d51 that was originally registered here. Are you missing a call to unregisterReceiver()?
12-13 19:50:09.471 E/ActivityThread( 4052): android.app.IntentReceiverLeaked: Activity com.koushikdutta.vysor.VysorAdActivity has leaked IntentReceiver com.mopub.mobileads.MoPubView$1@5d6d51 that was originally registered here. Are you missing a call to unregisterReceiver()?
12-13 19:50:09.471 E/ActivityThread( 4052): 	at android.app.LoadedApk$ReceiverDispatcher.<init>(LoadedApk.java:1351)
12-13 19:50:09.471 E/ActivityThread( 4052): 	at android.app.LoadedApk.getReceiverDispatcher(LoadedApk.java:1132)
12-13 19:50:09.471 E/ActivityThread( 4052): 	at android.app.ContextImpl.registerReceiverInternal(ContextImpl.java:1421)
12-13 19:50:09.471 E/ActivityThread( 4052): 	at android.app.ContextImpl.registerReceiver(ContextImpl.java:1394)
12-13 19:50:09.471 E/ActivityThread( 4052): 	at android.app.ContextImpl.registerReceiver(ContextImpl.java:1382)
12-13 19:50:09.471 E/ActivityThread( 4052): 	at android.content.ContextWrapper.registerReceiver(ContextWrapper.java:609)
12-13 19:50:09.471 E/ActivityThread( 4052): 	at com.mopub.mobileads.MoPubView.registerScreenStateBroadcastReceiver(MoPubView.java:4)
12-13 19:50:09.471 E/ActivityThread( 4052): 	at com.mopub.mobileads.MoPubView.<init>(MoPubView.java:10)
12-13 19:50:09.471 E/ActivityThread( 4052): 	at com.mopub.mobileads.MoPubView.<init>(MoPubView.java:1)
12-13 19:50:09.471 E/ActivityThread( 4052): 	at com.mopub.mobileads.MoPubInterstitial$MoPubInterstitialView.<init>(MoPubInterstitial.java:2)
12-13 19:50:09.471 E/ActivityThread( 4052): 	at com.mopub.mobileads.MoPubInterstitial.<init>(MoPubInterstitial.java:3)
12-13 19:50:09.471 E/ActivityThread( 4052): 	at com.koushikdutta.vysor.ads.AdHelper.loadInterstitial(AdHelper.java:1)
12-13 19:50:09.471 E/ActivityThread( 4052): 	at com.koushikdutta.vysor.ads.RecurringInterstitialAd.loadAndShow(RecurringInterstitialAd.java:4)
12-13 19:50:09.471 E/ActivityThread( 4052): 	at com.koushikdutta.vysor.VysorAdActivity.a(VysorAdActivity.java:1)
12-13 19:50:09.471 E/ActivityThread( 4052): 	at com.koushikdutta.vysor.e.run(Unknown Source:2)
12-13 19:50:09.471 E/ActivityThread( 4052): 	at android.os.Handler.handleCallback(Handler.java:790)
12-13 19:50:09.471 E/ActivityThread( 4052): 	at android.os.Handler.dispatchMessage(Handler.java:99)
12-13 19:50:09.471 E/ActivityThread( 4052): 	at android.os.Looper.loop(Looper.java:164)
12-13 19:50:09.471 E/ActivityThread( 4052): 	at android.app.ActivityThread.main(ActivityThread.java:6518)
12-13 19:50:09.471 E/ActivityThread( 4052): 	at java.lang.reflect.Method.invoke(Native Method)
12-13 19:50:09.471 E/ActivityThread( 4052): 	at com.android.internal.os.RuntimeInit$MethodAndArgsCaller.run(RuntimeInit.java:438)
12-13 19:50:09.471 E/ActivityThread( 4052): 	at com.android.internal.os.ZygoteInit.main(ZygoteInit.java:807)
12-13 19:50:09.475 E/ActivityThread( 4052): Activity com.koushikdutta.vysor.VysorAdActivity has leaked IntentReceiver com.mopub.mobileads.MoPubView$1@ae56f63 that was originally registered here. Are you missing a call to unregisterReceiver()?
12-13 19:50:09.475 E/ActivityThread( 4052): android.app.IntentReceiverLeaked: Activity com.koushikdutta.vysor.VysorAdActivity has leaked IntentReceiver com.mopub.mobileads.MoPubView$1@ae56f63 that was originally registered here. Are you missing a call to unregisterReceiver()?
12-13 19:50:09.475 E/ActivityThread( 4052): 	at android.app.LoadedApk$ReceiverDispatcher.<init>(LoadedApk.java:1351)
12-13 19:50:09.475 E/ActivityThread( 4052): 	at android.app.LoadedApk.getReceiverDispatcher(LoadedApk.java:1132)
12-13 19:50:09.475 E/ActivityThread( 4052): 	at android.app.ContextImpl.registerReceiverInternal(ContextImpl.java:1421)
12-13 19:50:09.475 E/ActivityThread( 4052): 	at android.app.ContextImpl.registerReceiver(ContextImpl.java:1394)
12-13 19:50:09.475 E/ActivityThread( 4052): 	at android.app.ContextImpl.registerReceiver(ContextImpl.java:1382)
12-13 19:50:09.475 E/ActivityThread( 4052): 	at android.content.ContextWrapper.registerReceiver(ContextWrapper.java:609)
12-13 19:50:09.475 E/ActivityThread( 4052): 	at com.mopub.mobileads.MoPubView.registerScreenStateBroadcastReceiver(MoPubView.java:4)
12-13 19:50:09.475 E/ActivityThread( 4052): 	at com.mopub.mobileads.MoPubView.<init>(MoPubView.java:10)
12-13 19:50:09.475 E/ActivityThread( 4052): 	at java.lang.reflect.Constructor.newInstance0(Native Method)
12-13 19:50:09.475 E/ActivityThread( 4052): 	at java.lang.reflect.Constructor.newInstance(Constructor.java:334)
12-13 19:50:09.475 E/ActivityThread( 4052): 	at android.view.LayoutInflater.createView(LayoutInflater.java:647)
12-13 19:50:09.475 E/ActivityThread( 4052): 	at android.view.LayoutInflater.createViewFromTag(LayoutInflater.java:790)
12-13 19:50:09.475 E/ActivityThread( 4052): 	at android.view.LayoutInflater.createViewFromTag(LayoutInflater.java:730)
12-13 19:50:09.475 E/ActivityThread( 4052): 	at android.view.LayoutInflater.inflate(LayoutInflater.java:492)
12-13 19:50:09.475 E/ActivityThread( 4052): 	at android.view.LayoutInflater.inflate(LayoutInflater.java:423)
12-13 19:50:09.475 E/ActivityThread( 4052): 	at android.view.LayoutInflater.inflate(LayoutInflater.java:374)
12-13 19:50:09.475 E/ActivityThread( 4052): 	at com.koushikdutta.vysor.ads.AdHelper.createMopubView(AdHelper.java:1)
12-13 19:50:09.475 E/ActivityThread( 4052): 	at com.koushikdutta.vysor.ads.AdHelper.createSquareView(AdHelper.java:1)
12-13 19:50:09.475 E/ActivityThread( 4052): 	at com.koushikdutta.vysor.VysorAdActivity.onCreate(VysorAdActivity.java:4)
12-13 19:50:09.475 E/ActivityThread( 4052): 	at android.app.Activity.performCreate(Activity.java:7023)
12-13 19:50:09.475 E/ActivityThread( 4052): 	at android.app.Activity.performCreate(Activity.java:7014)
12-13 19:50:09.475 E/ActivityThread( 4052): 	at android.app.Instrumentation.callActivityOnCreate(Instrumentation.java:1215)
12-13 19:50:09.475 E/ActivityThread( 4052): 	at android.app.ActivityThread.performLaunchActivity(ActivityThread.java:2734)
12-13 19:50:09.475 E/ActivityThread( 4052): 	at android.app.ActivityThread.handleLaunchActivity(ActivityThread.java:2859)
12-13 19:50:09.475 E/ActivityThread( 4052): 	at android.app.ActivityThread.handleRelaunchActivity(ActivityThread.java:4702)
12-13 19:50:09.475 E/ActivityThread( 4052): 	at android.app.ActivityThread.-wrap18(Unknown Source:0)
12-13 19:50:09.475 E/ActivityThread( 4052): 	at android.app.ActivityThread$H.handleMessage(ActivityThread.java:1598)
12-13 19:50:09.475 E/ActivityThread( 4052): 	at android.os.Handler.dispatchMessage(Handler.java:106)
12-13 19:50:09.475 E/ActivityThread( 4052): 	at android.os.Looper.loop(Looper.java:164)
12-13 19:50:09.475 E/ActivityThread( 4052): 	at android.app.ActivityThread.main(ActivityThread.java:6518)
12-13 19:50:09.475 E/ActivityThread( 4052): 	at java.lang.reflect.Method.invoke(Native Method)
12-13 19:50:09.475 E/ActivityThread( 4052): 	at com.android.internal.os.RuntimeInit$MethodAndArgsCaller.run(RuntimeInit.java:438)
12-13 19:50:09.475 E/ActivityThread( 4052): 	at com.android.internal.os.ZygoteInit.main(ZygoteInit.java:807)
12-13 19:50:09.516 D/QtiCarrierConfigHelper( 2084): WARNING, no carrier configs on phone Id: 0
12-13 19:50:09.516 D/HeadsetStateMachine( 1904): Disconnected process message: 10, size: 0
12-13 19:50:09.517 D/HeadsetStateMachine( 1904): Enter processIntentBatteryChanged()
12-13 19:50:09.517 D/HeadsetStateMachine( 1904): Exit processIntentBatteryChanged()
12-13 19:50:09.517 D/HeadsetStateMachine( 1904): Exit Disconnected processMessage() 
12-13 19:50:09.542 W/StatusBar/NavBarView( 1945): *** Invalid layout in navigation bar (sizeChanged this=1920x72 cur=1896x72)
12-13 19:50:09.607 I/WindowManager( 1554): Screen frozen for +268ms due to Window{f78d71 u0 com.android.systemui.ImageWallpaper}
12-13 19:50:09.632 D/KeyguardUpdateMonitor( 1945): received broadcast android.intent.action.BATTERY_CHANGED
12-13 19:50:09.703 D/KeyguardUpdateMonitor( 1945): handleBatteryUpdate
12-13 19:50:09.956 W/OpenGLRenderer( 2695): Incorrectly called buildLayer on View: ShortcutAndWidgetContainer, destroying layer...
12-13 19:50:10.433 D/audio_hw_primary(  649): out_set_parameters: enter: usecase(1: low-latency-playback) kvpairs: suspend_playback=false
12-13 19:50:10.433 D/audio_hw_extn(  649): audio_extn_set_anc_parameters: anc_enabled:0
12-13 19:50:10.433 D/audio_hw_spkr_prot(  649): audio_extn_fbsp_set_parameters: Speaker protection disabled
12-13 19:50:10.459 D/audio_hw_primary(  649): out_set_parameters: enter: usecase(1: low-latency-playback) kvpairs: suspend_playback=true
12-13 19:50:10.459 D/audio_hw_extn(  649): audio_extn_set_anc_parameters: anc_enabled:0
12-13 19:50:10.459 D/audio_hw_spkr_prot(  649): audio_extn_fbsp_set_parameters: Speaker protection disabled
12-13 19:50:10.721 D/QtiCarrierConfigHelper( 2084): WARNING, no carrier configs on phone Id: 0
12-13 19:50:10.721 D/KeyguardUpdateMonitor( 1945): received broadcast android.intent.action.BATTERY_CHANGED
12-13 19:50:10.724 D/HeadsetStateMachine( 1904): Disconnected process message: 10, size: 0
12-13 19:50:10.724 D/HeadsetStateMachine( 1904): Enter processIntentBatteryChanged()
12-13 19:50:10.724 D/HeadsetStateMachine( 1904): Exit processIntentBatteryChanged()
12-13 19:50:10.724 D/HeadsetStateMachine( 1904): Exit Disconnected processMessage() 
12-13 19:50:10.726 D/KeyguardUpdateMonitor( 1945): handleBatteryUpdate
12-13 19:50:10.916 I/VysorMain( 4498): Connection terminated.
12-13 19:50:10.919 I/VysorFactory( 4498): VirtualDisplay released
12-13 19:50:10.920 I/VysorFactory( 4498): factory released
12-13 19:50:10.921 I/StdOutDevice( 4498): Writer done
12-13 19:50:10.926 I/VysorMain( 4498): New video socket accepted.
12-13 19:50:10.926 W/GraphicBufferSource( 1289): released unpopulated slots: [2, 3, 4, 5, 6, 7, 8, 9, 10, 11, 12, 13, 14, 15, 16, 17, 18, 19, 20, 21, 22, 23, 24, 25, 26, 27, 28, 29, 30, 31, 32, 33, 34, 35, 36, 37, 38, 39, 40, 41, 42, 43, 44, 45, 46, 47, 48, 49, 50, 51, 52, 53, 54, 55, 56, 57, 58, 59, 60, 61, 62, 63]
12-13 19:50:10.926 I/VysorMain( 4498): Got password 2c5746f
12-13 19:50:10.926 I/VysorMain( 4498): Video authentication succeeded
12-13 19:50:10.932 I/StdOutDevice( 4498): Requested Width: 960 Requested Height: 540
12-13 19:50:10.932 I/VysorMain( 4498): registering virtual display
12-13 19:50:10.933 I/StdOutDevice( 4498): OMX.qcom.video.encoder.avc
12-13 19:50:10.933 W/VideoCapabilities( 4498): Unrecognized profile 2130706433 for video/avc
12-13 19:50:10.933 W/VideoCapabilities( 4498): Unrecognized profile 2130706434 for video/avc
12-13 19:50:10.935 I/StdOutDevice( 4498): colorFormat: 2141391878
12-13 19:50:10.936 I/StdOutDevice( 4498): colorFormat: 2141391876
12-13 19:50:10.936 I/StdOutDevice( 4498): colorFormat: 2141391872
12-13 19:50:10.936 I/StdOutDevice( 4498): colorFormat: 2141391881
12-13 19:50:10.936 I/StdOutDevice( 4498): colorFormat: 2141391882
12-13 19:50:10.936 I/StdOutDevice( 4498): colorFormat: 2141391880
12-13 19:50:10.936 I/StdOutDevice( 4498): colorFormat: 2141391879
12-13 19:50:10.937 I/StdOutDevice( 4498): colorFormat: 2130708361
12-13 19:50:10.937 I/StdOutDevice( 4498): colorFormat: 2135033992
12-13 19:50:10.937 I/StdOutDevice( 4498): colorFormat: 21
12-13 19:50:10.937 I/StdOutDevice( 4498): profile/level: 2130706433/65536
12-13 19:50:10.937 I/StdOutDevice( 4498): profile/level: 1/65536
12-13 19:50:10.937 I/StdOutDevice( 4498): profile/level: 2/65536
12-13 19:50:10.937 I/StdOutDevice( 4498): profile/level: 2130706434/65536
12-13 19:50:10.937 I/StdOutDevice( 4498): profile/level: 8/65536
12-13 19:50:10.938 I/StdOutDevice( 4498): OMX.google.h264.encoder
12-13 19:50:10.939 I/StdOutDevice( 4498): colorFormat: 2135033992
12-13 19:50:10.939 I/StdOutDevice( 4498): colorFormat: 19
